main.c:103:10:read_TIM2	4	static
main.c:107:5:__io_putchar	24	static
main.c:114:5:_write	32	static
main.c:122:6:HAL_GPIO_EXTI_Callback	16	static
main.c:152:6:setup_mpu	40	static
main.c:173:6:i2c_transaction	24	static
main.c:191:6:make_string	136	static
main.c:226:6:make_string2	16	static
main.c:237:6:delay	24	static
main.c:243:6:cp	16	static
main.c:258:5:main	8	static
main.c:354:6:SystemClock_Config	104	static
main.c:405:13:MX_I2C1_Init	8	static
main.c:439:13:MX_I2C2_Init	8	static
main.c:473:13:MX_RTC_Init	8	static
main.c:507:13:MX_TIM2_Init	32	static
main.c:552:13:MX_UART4_Init	8	static
main.c:583:13:MX_DMA_Init	16	static
main.c:607:13:MX_GPIO_Init	48	static
main.c:659:6:Error_Handler	4	static
