23:51:07 **** Build of configuration Debug for project gyro_based_sync ****
make -j12 all 
arm-none-eabi-gcc "../Drivers/STM32F4xx_HAL_Driver/Src/stm32f4xx_hal.c" -mcpu=cortex-m4 -std=gnu11 -g3 -DUSE_HAL_DRIVER -DDEBUG -DSTM32F407xx -c -I../Drivers/CMSIS/Include -I../Drivers/STM32F4xx_HAL_Driver/Inc -I../Core/Inc -I../Drivers/CMSIS/Device/ST/STM32F4xx/Include -I../Drivers/STM32F4xx_HAL_Driver/Inc/Legacy -O0 -ffunction-sections -fdata-sections -Wall -fstack-usage -MMD -MP -MF"Drivers/STM32F4xx_HAL_Driver/Src/stm32f4xx_hal.d" -MT"Drivers/STM32F4xx_HAL_Driver/Src/stm32f4xx_hal.o" --specs=nano.specs -mfpu=fpv4-sp-d16 -mfloat-abi=hard -mthumb -o "Drivers/STM32F4xx_HAL_Driver/Src/stm32f4xx_hal.o"
arm-none-eabi-gcc "../Drivers/STM32F4xx_HAL_Driver/Src/stm32f4xx_hal_cortex.c" -mcpu=cortex-m4 -std=gnu11 -g3 -DUSE_HAL_DRIVER -DDEBUG -DSTM32F407xx -c -I../Drivers/CMSIS/Include -I../Drivers/STM32F4xx_HAL_Driver/Inc -I../Core/Inc -I../Drivers/CMSIS/Device/ST/STM32F4xx/Include -I../Drivers/STM32F4xx_HAL_Driver/Inc/Legacy -O0 -ffunction-sections -fdata-sections -Wall -fstack-usage -MMD -MP -MF"Drivers/STM32F4xx_HAL_Driver/Src/stm32f4xx_hal_cortex.d" -MT"Drivers/STM32F4xx_HAL_Driver/Src/stm32f4xx_hal_cortex.o" --specs=nano.specs -mfpu=fpv4-sp-d16 -mfloat-abi=hard -mthumb -o "Drivers/STM32F4xx_HAL_Driver/Src/stm32f4xx_hal_cortex.o"
arm-none-eabi-gcc "../Drivers/STM32F4xx_HAL_Driver/Src/stm32f4xx_hal_dma.c" -mcpu=cortex-m4 -std=gnu11 -g3 -DUSE_HAL_DRIVER -DDEBUG -DSTM32F407xx -c -I../Drivers/CMSIS/Include -I../Drivers/STM32F4xx_HAL_Driver/Inc -I../Core/Inc -I../Drivers/CMSIS/Device/ST/STM32F4xx/Include -I../Drivers/STM32F4xx_HAL_Driver/Inc/Legacy -O0 -ffunction-sections -fdata-sections -Wall -fstack-usage -MMD -MP -MF"Drivers/STM32F4xx_HAL_Driver/Src/stm32f4xx_hal_dma.d" -MT"Drivers/STM32F4xx_HAL_Driver/Src/stm32f4xx_hal_dma.o" --specs=nano.specs -mfpu=fpv4-sp-d16 -mfloat-abi=hard -mthumb -o "Drivers/STM32F4xx_HAL_Driver/Src/stm32f4xx_hal_dma.o"
arm-none-eabi-gcc "../Drivers/STM32F4xx_HAL_Driver/Src/stm32f4xx_hal_dma_ex.c" -mcpu=cortex-m4 -std=gnu11 -g3 -DUSE_HAL_DRIVER -DDEBUG -DSTM32F407xx -c -I../Drivers/CMSIS/Include -I../Drivers/STM32F4xx_HAL_Driver/Inc -I../Core/Inc -I../Drivers/CMSIS/Device/ST/STM32F4xx/Include -I../Drivers/STM32F4xx_HAL_Driver/Inc/Legacy -O0 -ffunction-sections -fdata-sections -Wall -fstack-usage -MMD -MP -MF"Drivers/STM32F4xx_HAL_Driver/Src/stm32f4xx_hal_dma_ex.d" -MT"Drivers/STM32F4xx_HAL_Driver/Src/stm32f4xx_hal_dma_ex.o" --specs=nano.specs -mfpu=fpv4-sp-d16 -mfloat-abi=hard -mthumb -o "Drivers/STM32F4xx_HAL_Driver/Src/stm32f4xx_hal_dma_ex.o"
arm-none-eabi-gcc "../Drivers/STM32F4xx_HAL_Driver/Src/stm32f4xx_hal_exti.c" -mcpu=cortex-m4 -std=gnu11 -g3 -DUSE_HAL_DRIVER -DDEBUG -DSTM32F407xx -c -I../Drivers/CMSIS/Include -I../Drivers/STM32F4xx_HAL_Driver/Inc -I../Core/Inc -I../Drivers/CMSIS/Device/ST/STM32F4xx/Include -I../Drivers/STM32F4xx_HAL_Driver/Inc/Legacy -O0 -ffunction-sections -fdata-sections -Wall -fstack-usage -MMD -MP -MF"Drivers/STM32F4xx_HAL_Driver/Src/stm32f4xx_hal_exti.d" -MT"Drivers/STM32F4xx_HAL_Driver/Src/stm32f4xx_hal_exti.o" --specs=nano.specs -mfpu=fpv4-sp-d16 -mfloat-abi=hard -mthumb -o "Drivers/STM32F4xx_HAL_Driver/Src/stm32f4xx_hal_exti.o"
arm-none-eabi-gcc "../Drivers/STM32F4xx_HAL_Driver/Src/stm32f4xx_hal_flash.c" -mcpu=cortex-m4 -std=gnu11 -g3 -DUSE_HAL_DRIVER -DDEBUG -DSTM32F407xx -c -I../Drivers/CMSIS/Include -I../Drivers/STM32F4xx_HAL_Driver/Inc -I../Core/Inc -I../Drivers/CMSIS/Device/ST/STM32F4xx/Include -I../Drivers/STM32F4xx_HAL_Driver/Inc/Legacy -O0 -ffunction-sections -fdata-sections -Wall -fstack-usage -MMD -MP -MF"Drivers/STM32F4xx_HAL_Driver/Src/stm32f4xx_hal_flash.d" -MT"Drivers/STM32F4xx_HAL_Driver/Src/stm32f4xx_hal_flash.o" --specs=nano.specs -mfpu=fpv4-sp-d16 -mfloat-abi=hard -mthumb -o "Drivers/STM32F4xx_HAL_Driver/Src/stm32f4xx_hal_flash.o"
arm-none-eabi-gcc "../Drivers/STM32F4xx_HAL_Driver/Src/stm32f4xx_hal_flash_ex.c" -mcpu=cortex-m4 -std=gnu11 -g3 -DUSE_HAL_DRIVER -DDEBUG -DSTM32F407xx -c -I../Drivers/CMSIS/Include -I../Drivers/STM32F4xx_HAL_Driver/Inc -I../Core/Inc -I../Drivers/CMSIS/Device/ST/STM32F4xx/Include -I../Drivers/STM32F4xx_HAL_Driver/Inc/Legacy -O0 -ffunction-sections -fdata-sections -Wall -fstack-usage -MMD -MP -MF"Drivers/STM32F4xx_HAL_Driver/Src/stm32f4xx_hal_flash_ex.d" -MT"Drivers/STM32F4xx_HAL_Driver/Src/stm32f4xx_hal_flash_ex.o" --specs=nano.specs -mfpu=fpv4-sp-d16 -mfloat-abi=hard -mthumb -o "Drivers/STM32F4xx_HAL_Driver/Src/stm32f4xx_hal_flash_ex.o"
arm-none-eabi-gcc "../Drivers/STM32F4xx_HAL_Driver/Src/stm32f4xx_hal_flash_ramfunc.c" -mcpu=cortex-m4 -std=gnu11 -g3 -DUSE_HAL_DRIVER -DDEBUG -DSTM32F407xx -c -I../Drivers/CMSIS/Include -I../Drivers/STM32F4xx_HAL_Driver/Inc -I../Core/Inc -I../Drivers/CMSIS/Device/ST/STM32F4xx/Include -I../Drivers/STM32F4xx_HAL_Driver/Inc/Legacy -O0 -ffunction-sections -fdata-sections -Wall -fstack-usage -MMD -MP -MF"Drivers/STM32F4xx_HAL_Driver/Src/stm32f4xx_hal_flash_ramfunc.d" -MT"Drivers/STM32F4xx_HAL_Driver/Src/stm32f4xx_hal_flash_ramfunc.o" --specs=nano.specs -mfpu=fpv4-sp-d16 -mfloat-abi=hard -mthumb -o "Drivers/STM32F4xx_HAL_Driver/Src/stm32f4xx_hal_flash_ramfunc.o"
arm-none-eabi-gcc "../Drivers/STM32F4xx_HAL_Driver/Src/stm32f4xx_hal_gpio.c" -mcpu=cortex-m4 -std=gnu11 -g3 -DUSE_HAL_DRIVER -DDEBUG -DSTM32F407xx -c -I../Drivers/CMSIS/Include -I../Drivers/STM32F4xx_HAL_Driver/Inc -I../Core/Inc -I../Drivers/CMSIS/Device/ST/STM32F4xx/Include -I../Drivers/STM32F4xx_HAL_Driver/Inc/Legacy -O0 -ffunction-sections -fdata-sections -Wall -fstack-usage -MMD -MP -MF"Drivers/STM32F4xx_HAL_Driver/Src/stm32f4xx_hal_gpio.d" -MT"Drivers/STM32F4xx_HAL_Driver/Src/stm32f4xx_hal_gpio.o" --specs=nano.specs -mfpu=fpv4-sp-d16 -mfloat-abi=hard -mthumb -o "Drivers/STM32F4xx_HAL_Driver/Src/stm32f4xx_hal_gpio.o"
arm-none-eabi-gcc "../Drivers/STM32F4xx_HAL_Driver/Src/stm32f4xx_hal_pwr.c" -mcpu=cortex-m4 -std=gnu11 -g3 -DUSE_HAL_DRIVER -DDEBUG -DSTM32F407xx -c -I../Drivers/CMSIS/Include -I../Drivers/STM32F4xx_HAL_Driver/Inc -I../Core/Inc -I../Drivers/CMSIS/Device/ST/STM32F4xx/Include -I../Drivers/STM32F4xx_HAL_Driver/Inc/Legacy -O0 -ffunction-sections -fdata-sections -Wall -fstack-usage -MMD -MP -MF"Drivers/STM32F4xx_HAL_Driver/Src/stm32f4xx_hal_pwr.d" -MT"Drivers/STM32F4xx_HAL_Driver/Src/stm32f4xx_hal_pwr.o" --specs=nano.specs -mfpu=fpv4-sp-d16 -mfloat-abi=hard -mthumb -o "Drivers/STM32F4xx_HAL_Driver/Src/stm32f4xx_hal_pwr.o"
arm-none-eabi-gcc "../Drivers/STM32F4xx_HAL_Driver/Src/stm32f4xx_hal_pwr_ex.c" -mcpu=cortex-m4 -std=gnu11 -g3 -DUSE_HAL_DRIVER -DDEBUG -DSTM32F407xx -c -I../Drivers/CMSIS/Include -I../Drivers/STM32F4xx_HAL_Driver/Inc -I../Core/Inc -I../Drivers/CMSIS/Device/ST/STM32F4xx/Include -I../Drivers/STM32F4xx_HAL_Driver/Inc/Legacy -O0 -ffunction-sections -fdata-sections -Wall -fstack-usage -MMD -MP -MF"Drivers/STM32F4xx_HAL_Driver/Src/stm32f4xx_hal_pwr_ex.d" -MT"Drivers/STM32F4xx_HAL_Driver/Src/stm32f4xx_hal_pwr_ex.o" --specs=nano.specs -mfpu=fpv4-sp-d16 -mfloat-abi=hard -mthumb -o "Drivers/STM32F4xx_HAL_Driver/Src/stm32f4xx_hal_pwr_ex.o"
arm-none-eabi-gcc "../Drivers/STM32F4xx_HAL_Driver/Src/stm32f4xx_hal_rcc.c" -mcpu=cortex-m4 -std=gnu11 -g3 -DUSE_HAL_DRIVER -DDEBUG -DSTM32F407xx -c -I../Drivers/CMSIS/Include -I../Drivers/STM32F4xx_HAL_Driver/Inc -I../Core/Inc -I../Drivers/CMSIS/Device/ST/STM32F4xx/Include -I../Drivers/STM32F4xx_HAL_Driver/Inc/Legacy -O0 -ffunction-sections -fdata-sections -Wall -fstack-usage -MMD -MP -MF"Drivers/STM32F4xx_HAL_Driver/Src/stm32f4xx_hal_rcc.d" -MT"Drivers/STM32F4xx_HAL_Driver/Src/stm32f4xx_hal_rcc.o" --specs=nano.specs -mfpu=fpv4-sp-d16 -mfloat-abi=hard -mthumb -o "Drivers/STM32F4xx_HAL_Driver/Src/stm32f4xx_hal_rcc.o"
arm-none-eabi-gcc "../Drivers/STM32F4xx_HAL_Driver/Src/stm32f4xx_hal_rcc_ex.c" -mcpu=cortex-m4 -std=gnu11 -g3 -DUSE_HAL_DRIVER -DDEBUG -DSTM32F407xx -c -I../Drivers/CMSIS/Include -I../Drivers/STM32F4xx_HAL_Driver/Inc -I../Core/Inc -I../Drivers/CMSIS/Device/ST/STM32F4xx/Include -I../Drivers/STM32F4xx_HAL_Driver/Inc/Legacy -O0 -ffunction-sections -fdata-sections -Wall -fstack-usage -MMD -MP -MF"Drivers/STM32F4xx_HAL_Driver/Src/stm32f4xx_hal_rcc_ex.d" -MT"Drivers/STM32F4xx_HAL_Driver/Src/stm32f4xx_hal_rcc_ex.o" --specs=nano.specs -mfpu=fpv4-sp-d16 -mfloat-abi=hard -mthumb -o "Drivers/STM32F4xx_HAL_Driver/Src/stm32f4xx_hal_rcc_ex.o"
arm-none-eabi-gcc "../Drivers/STM32F4xx_HAL_Driver/Src/stm32f4xx_hal_tim.c" -mcpu=cortex-m4 -std=gnu11 -g3 -DUSE_HAL_DRIVER -DDEBUG -DSTM32F407xx -c -I../Drivers/CMSIS/Include -I../Drivers/STM32F4xx_HAL_Driver/Inc -I../Core/Inc -I../Drivers/CMSIS/Device/ST/STM32F4xx/Include -I../Drivers/STM32F4xx_HAL_Driver/Inc/Legacy -O0 -ffunction-sections -fdata-sections -Wall -fstack-usage -MMD -MP -MF"Drivers/STM32F4xx_HAL_Driver/Src/stm32f4xx_hal_tim.d" -MT"Drivers/STM32F4xx_HAL_Driver/Src/stm32f4xx_hal_tim.o" --specs=nano.specs -mfpu=fpv4-sp-d16 -mfloat-abi=hard -mthumb -o "Drivers/STM32F4xx_HAL_Driver/Src/stm32f4xx_hal_tim.o"
arm-none-eabi-gcc "../Drivers/STM32F4xx_HAL_Driver/Src/stm32f4xx_hal_tim_ex.c" -mcpu=cortex-m4 -std=gnu11 -g3 -DUSE_HAL_DRIVER -DDEBUG -DSTM32F407xx -c -I../Drivers/CMSIS/Include -I../Drivers/STM32F4xx_HAL_Driver/Inc -I../Core/Inc -I../Drivers/CMSIS/Device/ST/STM32F4xx/Include -I../Drivers/STM32F4xx_HAL_Driver/Inc/Legacy -O0 -ffunction-sections -fdata-sections -Wall -fstack-usage -MMD -MP -MF"Drivers/STM32F4xx_HAL_Driver/Src/stm32f4xx_hal_tim_ex.d" -MT"Drivers/STM32F4xx_HAL_Driver/Src/stm32f4xx_hal_tim_ex.o" --specs=nano.specs -mfpu=fpv4-sp-d16 -mfloat-abi=hard -mthumb -o "Drivers/STM32F4xx_HAL_Driver/Src/stm32f4xx_hal_tim_ex.o"
arm-none-eabi-gcc -mcpu=cortex-m4 -g3 -c -x assembler-with-cpp --specs=nano.specs -mfpu=fpv4-sp-d16 -mfloat-abi=hard -mthumb -o "Core/Startup/startup_stm32f407vgtx.o" "../Core/Startup/startup_stm32f407vgtx.s"
arm-none-eabi-gcc "../Core/Src/main.c" -mcpu=cortex-m4 -std=gnu11 -g3 -DUSE_HAL_DRIVER -DDEBUG -DSTM32F407xx -c -I../Drivers/CMSIS/Include -I../Drivers/STM32F4xx_HAL_Driver/Inc -I../Core/Inc -I../Drivers/CMSIS/Device/ST/STM32F4xx/Include -I../Drivers/STM32F4xx_HAL_Driver/Inc/Legacy -O0 -ffunction-sections -fdata-sections -Wall -fstack-usage -MMD -MP -MF"Core/Src/main.d" -MT"Core/Src/main.o" --specs=nano.specs -mfpu=fpv4-sp-d16 -mfloat-abi=hard -mthumb -o "Core/Src/main.o"
arm-none-eabi-gcc "../Core/Src/stm32f4xx_hal_msp.c" -mcpu=cortex-m4 -std=gnu11 -g3 -DUSE_HAL_DRIVER -DDEBUG -DSTM32F407xx -c -I../Drivers/CMSIS/Include -I../Drivers/STM32F4xx_HAL_Driver/Inc -I../Core/Inc -I../Drivers/CMSIS/Device/ST/STM32F4xx/Include -I../Drivers/STM32F4xx_HAL_Driver/Inc/Legacy -O0 -ffunction-sections -fdata-sections -Wall -fstack-usage -MMD -MP -MF"Core/Src/stm32f4xx_hal_msp.d" -MT"Core/Src/stm32f4xx_hal_msp.o" --specs=nano.specs -mfpu=fpv4-sp-d16 -mfloat-abi=hard -mthumb -o "Core/Src/stm32f4xx_hal_msp.o"
arm-none-eabi-gcc "../Core/Src/stm32f4xx_it.c" -mcpu=cortex-m4 -std=gnu11 -g3 -DUSE_HAL_DRIVER -DDEBUG -DSTM32F407xx -c -I../Drivers/CMSIS/Include -I../Drivers/STM32F4xx_HAL_Driver/Inc -I../Core/Inc -I../Drivers/CMSIS/Device/ST/STM32F4xx/Include -I../Drivers/STM32F4xx_HAL_Driver/Inc/Legacy -O0 -ffunction-sections -fdata-sections -Wall -fstack-usage -MMD -MP -MF"Core/Src/stm32f4xx_it.d" -MT"Core/Src/stm32f4xx_it.o" --specs=nano.specs -mfpu=fpv4-sp-d16 -mfloat-abi=hard -mthumb -o "Core/Src/stm32f4xx_it.o"
arm-none-eabi-gcc "../Core/Src/syscalls.c" -mcpu=cortex-m4 -std=gnu11 -g3 -DUSE_HAL_DRIVER -DDEBUG -DSTM32F407xx -c -I../Drivers/CMSIS/Include -I../Drivers/STM32F4xx_HAL_Driver/Inc -I../Core/Inc -I../Drivers/CMSIS/Device/ST/STM32F4xx/Include -I../Drivers/STM32F4xx_HAL_Driver/Inc/Legacy -O0 -ffunction-sections -fdata-sections -Wall -fstack-usage -MMD -MP -MF"Core/Src/syscalls.d" -MT"Core/Src/syscalls.o" --specs=nano.specs -mfpu=fpv4-sp-d16 -mfloat-abi=hard -mthumb -o "Core/Src/syscalls.o"
arm-none-eabi-gcc "../Core/Src/sysmem.c" -mcpu=cortex-m4 -std=gnu11 -g3 -DUSE_HAL_DRIVER -DDEBUG -DSTM32F407xx -c -I../Drivers/CMSIS/Include -I../Drivers/STM32F4xx_HAL_Driver/Inc -I../Core/Inc -I../Drivers/CMSIS/Device/ST/STM32F4xx/Include -I../Drivers/STM32F4xx_HAL_Driver/Inc/Legacy -O0 -ffunction-sections -fdata-sections -Wall -fstack-usage -MMD -MP -MF"Core/Src/sysmem.d" -MT"Core/Src/sysmem.o" --specs=nano.specs -mfpu=fpv4-sp-d16 -mfloat-abi=hard -mthumb -o "Core/Src/sysmem.o"
arm-none-eabi-gcc "../Core/Src/system_stm32f4xx.c" -mcpu=cortex-m4 -std=gnu11 -g3 -DUSE_HAL_DRIVER -DDEBUG -DSTM32F407xx -c -I../Drivers/CMSIS/Include -I../Drivers/STM32F4xx_HAL_Driver/Inc -I../Core/Inc -I../Drivers/CMSIS/Device/ST/STM32F4xx/Include -I../Drivers/STM32F4xx_HAL_Driver/Inc/Legacy -O0 -ffunction-sections -fdata-sections -Wall -fstack-usage -MMD -MP -MF"Core/Src/system_stm32f4xx.d" -MT"Core/Src/system_stm32f4xx.o" --specs=nano.specs -mfpu=fpv4-sp-d16 -mfloat-abi=hard -mthumb -o "Core/Src/system_stm32f4xx.o"
../Core/Src/main.c:46:1: error: unknown type name 'I2C_HandleTypeDef'; did you mean 'DMA_HandleTypeDef'?
 I2C_HandleTypeDef hi2c1;
 ^~~~~~~~~~~~~~~~~
 DMA_HandleTypeDef
../Core/Src/main.c:47:1: error: unknown type name 'I2C_HandleTypeDef'; did you mean 'DMA_HandleTypeDef'?
 I2C_HandleTypeDef hi2c2;
 ^~~~~~~~~~~~~~~~~
 DMA_HandleTypeDef
../Core/Src/main.c:51:1: error: unknown type name 'RTC_HandleTypeDef'; did you mean 'DMA_HandleTypeDef'?
 RTC_HandleTypeDef hrtc;
 ^~~~~~~~~~~~~~~~~
 DMA_HandleTypeDef
../Core/Src/main.c:53:1: error: unknown type name 'UART_HandleTypeDef'; did you mean 'DMA_HandleTypeDef'?
 UART_HandleTypeDef huart4;
 ^~~~~~~~~~~~~~~~~~
 DMA_HandleTypeDef
../Core/Src/main.c:62:1: error: unknown type name 'RTC_TimeTypeDef'; did you mean 'RTC_TypeDef'?
 RTC_TimeTypeDef sTime1 = {0};
 ^~~~~~~~~~~~~~~
 RTC_TypeDef
../Core/Src/main.c:63:1: error: unknown type name 'RTC_TimeTypeDef'; did you mean 'RTC_TypeDef'?
 RTC_TimeTypeDef sTime2 = {0};
 ^~~~~~~~~~~~~~~
 RTC_TypeDef
../Core/Src/main.c:64:1: error: unknown type name 'RTC_DateTypeDef'; did you mean 'RTC_TypeDef'?
 RTC_DateTypeDef sDate1 = {0};
 ^~~~~~~~~~~~~~~
 RTC_TypeDef
../Core/Src/main.c:65:1: error: unknown type name 'RTC_DateTypeDef'; did you mean 'RTC_TypeDef'?
 RTC_DateTypeDef sDate2 = {0};
 ^~~~~~~~~~~~~~~
 RTC_TypeDef
../Core/Src/main.c: In function '__io_putchar':
../Core/Src/main.c:89:3: warning: implicit declaration of function 'HAL_UART_Transmit'; did you mean 'HAL_PWR_DeInit'? [-Wimplicit-function-declaration]
   HAL_UART_Transmit(&huart4, &*c, 1, 10);
   ^~~~~~~~~~~~~~~~~
   HAL_PWR_DeInit
../Core/Src/main.c: In function 'HAL_GPIO_EXTI_Callback':
../Core/Src/main.c:107:3: warning: implicit declaration of function 'HAL_RTC_GetTime'; did you mean 'HAL_GetTick'? [-Wimplicit-function-declaration]
   HAL_RTC_GetTime(&hrtc, &sTime1, RTC_FORMAT_BIN);
   ^~~~~~~~~~~~~~~
   HAL_GetTick
../Core/Src/main.c:107:35: error: 'RTC_FORMAT_BIN' undeclared (first use in this function); did you mean 'FORMAT_BIN'?
   HAL_RTC_GetTime(&hrtc, &sTime1, RTC_FORMAT_BIN);
                                   ^~~~~~~~~~~~~~
                                   FORMAT_BIN
../Core/Src/main.c:107:35: note: each undeclared identifier is reported only once for each function it appears in
../Core/Src/main.c:108:3: warning: implicit declaration of function 'HAL_RTC_GetDate'; did you mean 'HAL_DMA_GetState'? [-Wimplicit-function-declaration]
   HAL_RTC_GetDate(&hrtc, &sDate1, RTC_FORMAT_BIN);
   ^~~~~~~~~~~~~~~
   HAL_DMA_GetState
../Core/Src/main.c: In function 'setup_mpu':
../Core/Src/main.c:118:3: warning: implicit declaration of function 'HAL_I2C_Mem_Write'; did you mean 'HAL_RCC_DeInit'? [-Wimplicit-function-declaration]
   HAL_I2C_Mem_Write(&hi2c1, 0x68<<1, adds[idx], 1, &dat[idx], 1, 100);
   ^~~~~~~~~~~~~~~~~
   HAL_RCC_DeInit
../Core/Src/main.c: In function 'i2c_transaction':
../Core/Src/main.c:135:12: warning: implicit declaration of function 'HAL_I2C_Mem_Read_DMA' [-Wimplicit-function-declaration]
   case 1 : HAL_I2C_Mem_Read_DMA(&hi2c1, 0x68<<1, 59, 1, dat1, 14); break;
            ^~~~~~~~~~~~~~~~~~~~
../Core/Src/main.c: In function 'make_string':
../Core/Src/main.c:152:2: warning: implicit declaration of function 'sprintf' [-Wimplicit-function-declaration]
  sprintf(str,
  ^~~~~~~
../Core/Src/main.c:152:2: warning: incompatible implicit declaration of built-in function 'sprintf'
../Core/Src/main.c:152:2: note: include '<stdio.h>' or provide a declaration of 'sprintf'
../Core/Src/main.c:161:21: error: request for member 'Minutes' in something not a structure or union
     (uint8_t)(sTime1.Minutes),
                     ^
../Core/Src/main.c:162:21: error: request for member 'Seconds' in something not a structure or union
     (uint8_t)(sTime1.Seconds),
                     ^
../Core/Src/main.c:163:22: error: request for member 'SubSeconds' in something not a structure or union
     (uint16_t)(sTime1.SubSeconds),
                      ^
../Core/Src/main.c:152:10: warning: pointer targets in passing argument 1 of 'sprintf' differ in signedness [-Wpointer-sign]
  sprintf(str,
          ^~~
../Core/Src/main.c:152:10: note: expected 'char *' but argument is of type 'uint8_t * {aka unsigned char *}'
../Core/Src/main.c: In function 'main':
../Core/Src/main.c:276:4: warning: implicit declaration of function 'HAL_UART_Transmit_DMA' [-Wimplicit-function-declaration]
    HAL_UART_Transmit_DMA(&huart4, str, N_CHARS);
    ^~~~~~~~~~~~~~~~~~~~~
../Core/Src/main.c:283:48: error: request for member 'Seconds' in something not a structure or union
    HAL_GPIO_WritePin(GPIOD, GPIO_PIN_13, sTime1.Seconds%2);
                                                ^
../Core/Src/main.c: In function 'MX_I2C1_Init':
../Core/Src/main.c:357:8: error: request for member 'Instance' in something not a structure or union
   hi2c1.Instance = I2C1;
        ^
../Core/Src/main.c:358:8: error: request for member 'Init' in something not a structure or union
   hi2c1.Init.ClockSpeed = 400000;
        ^
../Core/Src/main.c:359:8: error: request for member 'Init' in something not a structure or union
   hi2c1.Init.DutyCycle = I2C_DUTYCYCLE_2;
        ^
../Core/Src/main.c:359:26: error: 'I2C_DUTYCYCLE_2' undeclared (first use in this function)
   hi2c1.Init.DutyCycle = I2C_DUTYCYCLE_2;
                          ^~~~~~~~~~~~~~~
../Core/Src/main.c:360:8: error: request for member 'Init' in something not a structure or union
   hi2c1.Init.OwnAddress1 = 0;
        ^
../Core/Src/main.c:361:8: error: request for member 'Init' in something not a structure or union
   hi2c1.Init.AddressingMode = I2C_ADDRESSINGMODE_7BIT;
        ^
../Core/Src/main.c:361:31: error: 'I2C_ADDRESSINGMODE_7BIT' undeclared (first use in this function)
   hi2c1.Init.AddressingMode = I2C_ADDRESSINGMODE_7BIT;
                               ^~~~~~~~~~~~~~~~~~~~~~~
../Core/Src/main.c:362:8: error: request for member 'Init' in something not a structure or union
   hi2c1.Init.DualAddressMode = I2C_DUALADDRESS_DISABLE;
        ^
../Core/Src/main.c:362:32: error: 'I2C_DUALADDRESS_DISABLE' undeclared (first use in this function); did you mean 'I2C_DUALADDRESS_DISABLED'?
   hi2c1.Init.DualAddressMode = I2C_DUALADDRESS_DISABLE;
                                ^~~~~~~~~~~~~~~~~~~~~~~
                                I2C_DUALADDRESS_DISABLED
../Core/Src/main.c:363:8: error: request for member 'Init' in something not a structure or union
   hi2c1.Init.OwnAddress2 = 0;
        ^
../Core/Src/main.c:364:8: error: request for member 'Init' in something not a structure or union
   hi2c1.Init.GeneralCallMode = I2C_GENERALCALL_DISABLE;
        ^
../Core/Src/main.c:364:32: error: 'I2C_GENERALCALL_DISABLE' undeclared (first use in this function); did you mean 'I2C_GENERALCALL_DISABLED'?
   hi2c1.Init.GeneralCallMode = I2C_GENERALCALL_DISABLE;
                                ^~~~~~~~~~~~~~~~~~~~~~~
                                I2C_GENERALCALL_DISABLED
../Core/Src/main.c:365:8: error: request for member 'Init' in something not a structure or union
   hi2c1.Init.NoStretchMode = I2C_NOSTRETCH_DISABLE;
        ^
../Core/Src/main.c:365:30: error: 'I2C_NOSTRETCH_DISABLE' undeclared (first use in this function); did you mean 'I2C_NOSTRETCH_DISABLED'?
   hi2c1.Init.NoStretchMode = I2C_NOSTRETCH_DISABLE;
                              ^~~~~~~~~~~~~~~~~~~~~
                              I2C_NOSTRETCH_DISABLED
../Core/Src/main.c:366:7: warning: implicit declaration of function 'HAL_I2C_Init'; did you mean 'HAL_DMA_Init'? [-Wimplicit-function-declaration]
   if (HAL_I2C_Init(&hi2c1) != HAL_OK)
       ^~~~~~~~~~~~
       HAL_DMA_Init
../Core/Src/main.c: In function 'MX_I2C2_Init':
../Core/Src/main.c:391:8: error: request for member 'Instance' in something not a structure or union
   hi2c2.Instance = I2C2;
        ^
../Core/Src/main.c:392:8: error: request for member 'Init' in something not a structure or union
   hi2c2.Init.ClockSpeed = 400000;
        ^
../Core/Src/main.c:393:8: error: request for member 'Init' in something not a structure or union
   hi2c2.Init.DutyCycle = I2C_DUTYCYCLE_2;
        ^
../Core/Src/main.c:393:26: error: 'I2C_DUTYCYCLE_2' undeclared (first use in this function)
   hi2c2.Init.DutyCycle = I2C_DUTYCYCLE_2;
                          ^~~~~~~~~~~~~~~
../Core/Src/main.c:394:8: error: request for member 'Init' in something not a structure or union
   hi2c2.Init.OwnAddress1 = 0;
        ^
../Core/Src/main.c:395:8: error: request for member 'Init' in something not a structure or union
   hi2c2.Init.AddressingMode = I2C_ADDRESSINGMODE_7BIT;
        ^
../Core/Src/main.c:395:31: error: 'I2C_ADDRESSINGMODE_7BIT' undeclared (first use in this function)
   hi2c2.Init.AddressingMode = I2C_ADDRESSINGMODE_7BIT;
                               ^~~~~~~~~~~~~~~~~~~~~~~
../Core/Src/main.c:396:8: error: request for member 'Init' in something not a structure or union
   hi2c2.Init.DualAddressMode = I2C_DUALADDRESS_DISABLE;
        ^
../Core/Src/main.c:396:32: error: 'I2C_DUALADDRESS_DISABLE' undeclared (first use in this function); did you mean 'I2C_DUALADDRESS_DISABLED'?
   hi2c2.Init.DualAddressMode = I2C_DUALADDRESS_DISABLE;
                                ^~~~~~~~~~~~~~~~~~~~~~~
                                I2C_DUALADDRESS_DISABLED
../Core/Src/main.c:397:8: error: request for member 'Init' in something not a structure or union
   hi2c2.Init.OwnAddress2 = 0;
        ^
../Core/Src/main.c:398:8: error: request for member 'Init' in something not a structure or union
   hi2c2.Init.GeneralCallMode = I2C_GENERALCALL_DISABLE;
        ^
../Core/Src/main.c:398:32: error: 'I2C_GENERALCALL_DISABLE' undeclared (first use in this function); did you mean 'I2C_GENERALCALL_DISABLED'?
   hi2c2.Init.GeneralCallMode = I2C_GENERALCALL_DISABLE;
                                ^~~~~~~~~~~~~~~~~~~~~~~
                                I2C_GENERALCALL_DISABLED
../Core/Src/main.c:399:8: error: request for member 'Init' in something not a structure or union
   hi2c2.Init.NoStretchMode = I2C_NOSTRETCH_DISABLE;
        ^
../Core/Src/main.c:399:30: error: 'I2C_NOSTRETCH_DISABLE' undeclared (first use in this function); did you mean 'I2C_NOSTRETCH_DISABLED'?
   hi2c2.Init.NoStretchMode = I2C_NOSTRETCH_DISABLE;
                              ^~~~~~~~~~~~~~~~~~~~~
                              I2C_NOSTRETCH_DISABLED
../Core/Src/main.c: In function 'MX_RTC_Init':
../Core/Src/main.c:427:7: error: request for member 'Instance' in something not a structure or union
   hrtc.Instance = RTC;
       ^
../Core/Src/main.c:428:7: error: request for member 'Init' in something not a structure or union
   hrtc.Init.HourFormat = RTC_HOURFORMAT_24;
       ^
../Core/Src/main.c:428:26: error: 'RTC_HOURFORMAT_24' undeclared (first use in this function); did you mean 'RTC_ALRMBR_ST_2'?
   hrtc.Init.HourFormat = RTC_HOURFORMAT_24;
                          ^~~~~~~~~~~~~~~~~
                          RTC_ALRMBR_ST_2
../Core/Src/main.c:429:7: error: request for member 'Init' in something not a structure or union
   hrtc.Init.AsynchPrediv = 32-1;
       ^
../Core/Src/main.c:430:7: error: request for member 'Init' in something not a structure or union
   hrtc.Init.SynchPrediv = 10000-1;
       ^
../Core/Src/main.c:431:7: error: request for member 'Init' in something not a structure or union
   hrtc.Init.OutPut = RTC_OUTPUT_DISABLE;
       ^
../Core/Src/main.c:431:22: error: 'RTC_OUTPUT_DISABLE' undeclared (first use in this function); did you mean '__USART_DISABLE'?
   hrtc.Init.OutPut = RTC_OUTPUT_DISABLE;
                      ^~~~~~~~~~~~~~~~~~
                      __USART_DISABLE
../Core/Src/main.c:432:7: error: request for member 'Init' in something not a structure or union
   hrtc.Init.OutPutPolarity = RTC_OUTPUT_POLARITY_HIGH;
       ^
../Core/Src/main.c:432:30: error: 'RTC_OUTPUT_POLARITY_HIGH' undeclared (first use in this function); did you mean 'TSC_SYNC_POL_RISE_HIGH'?
   hrtc.Init.OutPutPolarity = RTC_OUTPUT_POLARITY_HIGH;
                              ^~~~~~~~~~~~~~~~~~~~~~~~
                              TSC_SYNC_POL_RISE_HIGH
../Core/Src/main.c:433:7: error: request for member 'Init' in something not a structure or union
   hrtc.Init.OutPutType = RTC_OUTPUT_TYPE_OPENDRAIN;
       ^
../Core/Src/main.c:433:26: error: 'RTC_OUTPUT_TYPE_OPENDRAIN' undeclared (first use in this function); did you mean 'RTC_OUTPUT_REMAP_PB2'?
   hrtc.Init.OutPutType = RTC_OUTPUT_TYPE_OPENDRAIN;
                          ^~~~~~~~~~~~~~~~~~~~~~~~~
                          RTC_OUTPUT_REMAP_PB2
../Core/Src/main.c:434:7: warning: implicit declaration of function 'HAL_RTC_Init'; did you mean 'MX_RTC_Init'? [-Wimplicit-function-declaration]
   if (HAL_RTC_Init(&hrtc) != HAL_OK)
       ^~~~~~~~~~~~
       MX_RTC_Init
../Core/Src/main.c: In function 'MX_UART4_Init':
../Core/Src/main.c:459:9: error: request for member 'Instance' in something not a structure or union
   huart4.Instance = UART4;
         ^
../Core/Src/main.c:460:9: error: request for member 'Init' in something not a structure or union
   huart4.Init.BaudRate = 2000000;
         ^
../Core/Src/main.c:461:9: error: request for member 'Init' in something not a structure or union
   huart4.Init.WordLength = UART_WORDLENGTH_8B;
         ^
../Core/Src/main.c:461:28: error: 'UART_WORDLENGTH_8B' undeclared (first use in this function)
   huart4.Init.WordLength = UART_WORDLENGTH_8B;
                            ^~~~~~~~~~~~~~~~~~
../Core/Src/main.c:462:9: error: request for member 'Init' in something not a structure or union
   huart4.Init.StopBits = UART_STOPBITS_1;
         ^
../Core/Src/main.c:462:26: error: 'UART_STOPBITS_1' undeclared (first use in this function); did you mean 'USART_GTPR_PSC_1'?
   huart4.Init.StopBits = UART_STOPBITS_1;
                          ^~~~~~~~~~~~~~~
                          USART_GTPR_PSC_1
../Core/Src/main.c:463:9: error: request for member 'Init' in something not a structure or union
   huart4.Init.Parity = UART_PARITY_NONE;
         ^
../Core/Src/main.c:463:24: error: 'UART_PARITY_NONE' undeclared (first use in this function); did you mean 'FLASH_PROC_NONE'?
   huart4.Init.Parity = UART_PARITY_NONE;
                        ^~~~~~~~~~~~~~~~
                        FLASH_PROC_NONE
../Core/Src/main.c:464:9: error: request for member 'Init' in something not a structure or union
   huart4.Init.Mode = UART_MODE_TX_RX;
         ^
../Core/Src/main.c:464:22: error: 'UART_MODE_TX_RX' undeclared (first use in this function)
   huart4.Init.Mode = UART_MODE_TX_RX;
                      ^~~~~~~~~~~~~~~
../Core/Src/main.c:465:9: error: request for member 'Init' in something not a structure or union
   huart4.Init.HwFlowCtl = UART_HWCONTROL_NONE;
         ^
../Core/Src/main.c:465:27: error: 'UART_HWCONTROL_NONE' undeclared (first use in this function); did you mean 'UART_PARITY_NONE'?
   huart4.Init.HwFlowCtl = UART_HWCONTROL_NONE;
                           ^~~~~~~~~~~~~~~~~~~
                           UART_PARITY_NONE
../Core/Src/main.c:466:9: error: request for member 'Init' in something not a structure or union
   huart4.Init.OverSampling = UART_OVERSAMPLING_16;
         ^
../Core/Src/main.c:466:30: error: 'UART_OVERSAMPLING_16' undeclared (first use in this function); did you mean '__UART_BRR_SAMPLING16'?
   huart4.Init.OverSampling = UART_OVERSAMPLING_16;
                              ^~~~~~~~~~~~~~~~~~~~
                              __UART_BRR_SAMPLING16
../Core/Src/main.c:467:7: warning: implicit declaration of function 'HAL_UART_Init'; did you mean 'MX_UART4_Init'? [-Wimplicit-function-declaration]
   if (HAL_UART_Init(&huart4) != HAL_OK)
       ^~~~~~~~~~~~~
       MX_UART4_Init
make: *** [Core/Src/subdir.mk:33: Core/Src/main.o] Error 1
"make -j12 all" terminated with exit code 2. Build might be incomplete.
23:52:00 **** Incremental Build of configuration Debug for project gyro_based_sync ****
make -j12 all 
arm-none-eabi-gcc "../Drivers/STM32F4xx_HAL_Driver/Src/stm32f4xx_hal.c" -mcpu=cortex-m4 -std=gnu11 -g3 -DUSE_HAL_DRIVER -DDEBUG -DSTM32F407xx -c -I../Drivers/CMSIS/Include -I../Drivers/STM32F4xx_HAL_Driver/Inc -I../Core/Inc -I../Drivers/CMSIS/Device/ST/STM32F4xx/Include -I../Drivers/STM32F4xx_HAL_Driver/Inc/Legacy -O0 -ffunction-sections -fdata-sections -Wall -fstack-usage -MMD -MP -MF"Drivers/STM32F4xx_HAL_Driver/Src/stm32f4xx_hal.d" -MT"Drivers/STM32F4xx_HAL_Driver/Src/stm32f4xx_hal.o" --specs=nano.specs -mfpu=fpv4-sp-d16 -mfloat-abi=hard -mthumb -o "Drivers/STM32F4xx_HAL_Driver/Src/stm32f4xx_hal.o"
arm-none-eabi-gcc "../Drivers/STM32F4xx_HAL_Driver/Src/stm32f4xx_hal_cortex.c" -mcpu=cortex-m4 -std=gnu11 -g3 -DUSE_HAL_DRIVER -DDEBUG -DSTM32F407xx -c -I../Drivers/CMSIS/Include -I../Drivers/STM32F4xx_HAL_Driver/Inc -I../Core/Inc -I../Drivers/CMSIS/Device/ST/STM32F4xx/Include -I../Drivers/STM32F4xx_HAL_Driver/Inc/Legacy -O0 -ffunction-sections -fdata-sections -Wall -fstack-usage -MMD -MP -MF"Drivers/STM32F4xx_HAL_Driver/Src/stm32f4xx_hal_cortex.d" -MT"Drivers/STM32F4xx_HAL_Driver/Src/stm32f4xx_hal_cortex.o" --specs=nano.specs -mfpu=fpv4-sp-d16 -mfloat-abi=hard -mthumb -o "Drivers/STM32F4xx_HAL_Driver/Src/stm32f4xx_hal_cortex.o"
arm-none-eabi-gcc "../Drivers/STM32F4xx_HAL_Driver/Src/stm32f4xx_hal_dma.c" -mcpu=cortex-m4 -std=gnu11 -g3 -DUSE_HAL_DRIVER -DDEBUG -DSTM32F407xx -c -I../Drivers/CMSIS/Include -I../Drivers/STM32F4xx_HAL_Driver/Inc -I../Core/Inc -I../Drivers/CMSIS/Device/ST/STM32F4xx/Include -I../Drivers/STM32F4xx_HAL_Driver/Inc/Legacy -O0 -ffunction-sections -fdata-sections -Wall -fstack-usage -MMD -MP -MF"Drivers/STM32F4xx_HAL_Driver/Src/stm32f4xx_hal_dma.d" -MT"Drivers/STM32F4xx_HAL_Driver/Src/stm32f4xx_hal_dma.o" --specs=nano.specs -mfpu=fpv4-sp-d16 -mfloat-abi=hard -mthumb -o "Drivers/STM32F4xx_HAL_Driver/Src/stm32f4xx_hal_dma.o"
arm-none-eabi-gcc "../Drivers/STM32F4xx_HAL_Driver/Src/stm32f4xx_hal_dma_ex.c" -mcpu=cortex-m4 -std=gnu11 -g3 -DUSE_HAL_DRIVER -DDEBUG -DSTM32F407xx -c -I../Drivers/CMSIS/Include -I../Drivers/STM32F4xx_HAL_Driver/Inc -I../Core/Inc -I../Drivers/CMSIS/Device/ST/STM32F4xx/Include -I../Drivers/STM32F4xx_HAL_Driver/Inc/Legacy -O0 -ffunction-sections -fdata-sections -Wall -fstack-usage -MMD -MP -MF"Drivers/STM32F4xx_HAL_Driver/Src/stm32f4xx_hal_dma_ex.d" -MT"Drivers/STM32F4xx_HAL_Driver/Src/stm32f4xx_hal_dma_ex.o" --specs=nano.specs -mfpu=fpv4-sp-d16 -mfloat-abi=hard -mthumb -o "Drivers/STM32F4xx_HAL_Driver/Src/stm32f4xx_hal_dma_ex.o"
arm-none-eabi-gcc "../Drivers/STM32F4xx_HAL_Driver/Src/stm32f4xx_hal_exti.c" -mcpu=cortex-m4 -std=gnu11 -g3 -DUSE_HAL_DRIVER -DDEBUG -DSTM32F407xx -c -I../Drivers/CMSIS/Include -I../Drivers/STM32F4xx_HAL_Driver/Inc -I../Core/Inc -I../Drivers/CMSIS/Device/ST/STM32F4xx/Include -I../Drivers/STM32F4xx_HAL_Driver/Inc/Legacy -O0 -ffunction-sections -fdata-sections -Wall -fstack-usage -MMD -MP -MF"Drivers/STM32F4xx_HAL_Driver/Src/stm32f4xx_hal_exti.d" -MT"Drivers/STM32F4xx_HAL_Driver/Src/stm32f4xx_hal_exti.o" --specs=nano.specs -mfpu=fpv4-sp-d16 -mfloat-abi=hard -mthumb -o "Drivers/STM32F4xx_HAL_Driver/Src/stm32f4xx_hal_exti.o"
arm-none-eabi-gcc "../Drivers/STM32F4xx_HAL_Driver/Src/stm32f4xx_hal_flash.c" -mcpu=cortex-m4 -std=gnu11 -g3 -DUSE_HAL_DRIVER -DDEBUG -DSTM32F407xx -c -I../Drivers/CMSIS/Include -I../Drivers/STM32F4xx_HAL_Driver/Inc -I../Core/Inc -I../Drivers/CMSIS/Device/ST/STM32F4xx/Include -I../Drivers/STM32F4xx_HAL_Driver/Inc/Legacy -O0 -ffunction-sections -fdata-sections -Wall -fstack-usage -MMD -MP -MF"Drivers/STM32F4xx_HAL_Driver/Src/stm32f4xx_hal_flash.d" -MT"Drivers/STM32F4xx_HAL_Driver/Src/stm32f4xx_hal_flash.o" --specs=nano.specs -mfpu=fpv4-sp-d16 -mfloat-abi=hard -mthumb -o "Drivers/STM32F4xx_HAL_Driver/Src/stm32f4xx_hal_flash.o"
arm-none-eabi-gcc "../Drivers/STM32F4xx_HAL_Driver/Src/stm32f4xx_hal_flash_ex.c" -mcpu=cortex-m4 -std=gnu11 -g3 -DUSE_HAL_DRIVER -DDEBUG -DSTM32F407xx -c -I../Drivers/CMSIS/Include -I../Drivers/STM32F4xx_HAL_Driver/Inc -I../Core/Inc -I../Drivers/CMSIS/Device/ST/STM32F4xx/Include -I../Drivers/STM32F4xx_HAL_Driver/Inc/Legacy -O0 -ffunction-sections -fdata-sections -Wall -fstack-usage -MMD -MP -MF"Drivers/STM32F4xx_HAL_Driver/Src/stm32f4xx_hal_flash_ex.d" -MT"Drivers/STM32F4xx_HAL_Driver/Src/stm32f4xx_hal_flash_ex.o" --specs=nano.specs -mfpu=fpv4-sp-d16 -mfloat-abi=hard -mthumb -o "Drivers/STM32F4xx_HAL_Driver/Src/stm32f4xx_hal_flash_ex.o"
arm-none-eabi-gcc "../Drivers/STM32F4xx_HAL_Driver/Src/stm32f4xx_hal_flash_ramfunc.c" -mcpu=cortex-m4 -std=gnu11 -g3 -DUSE_HAL_DRIVER -DDEBUG -DSTM32F407xx -c -I../Drivers/CMSIS/Include -I../Drivers/STM32F4xx_HAL_Driver/Inc -I../Core/Inc -I../Drivers/CMSIS/Device/ST/STM32F4xx/Include -I../Drivers/STM32F4xx_HAL_Driver/Inc/Legacy -O0 -ffunction-sections -fdata-sections -Wall -fstack-usage -MMD -MP -MF"Drivers/STM32F4xx_HAL_Driver/Src/stm32f4xx_hal_flash_ramfunc.d" -MT"Drivers/STM32F4xx_HAL_Driver/Src/stm32f4xx_hal_flash_ramfunc.o" --specs=nano.specs -mfpu=fpv4-sp-d16 -mfloat-abi=hard -mthumb -o "Drivers/STM32F4xx_HAL_Driver/Src/stm32f4xx_hal_flash_ramfunc.o"
arm-none-eabi-gcc "../Drivers/STM32F4xx_HAL_Driver/Src/stm32f4xx_hal_gpio.c" -mcpu=cortex-m4 -std=gnu11 -g3 -DUSE_HAL_DRIVER -DDEBUG -DSTM32F407xx -c -I../Drivers/CMSIS/Include -I../Drivers/STM32F4xx_HAL_Driver/Inc -I../Core/Inc -I../Drivers/CMSIS/Device/ST/STM32F4xx/Include -I../Drivers/STM32F4xx_HAL_Driver/Inc/Legacy -O0 -ffunction-sections -fdata-sections -Wall -fstack-usage -MMD -MP -MF"Drivers/STM32F4xx_HAL_Driver/Src/stm32f4xx_hal_gpio.d" -MT"Drivers/STM32F4xx_HAL_Driver/Src/stm32f4xx_hal_gpio.o" --specs=nano.specs -mfpu=fpv4-sp-d16 -mfloat-abi=hard -mthumb -o "Drivers/STM32F4xx_HAL_Driver/Src/stm32f4xx_hal_gpio.o"
arm-none-eabi-gcc "../Drivers/STM32F4xx_HAL_Driver/Src/stm32f4xx_hal_i2c.c" -mcpu=cortex-m4 -std=gnu11 -g3 -DUSE_HAL_DRIVER -DDEBUG -DSTM32F407xx -c -I../Drivers/CMSIS/Include -I../Drivers/STM32F4xx_HAL_Driver/Inc -I../Core/Inc -I../Drivers/CMSIS/Device/ST/STM32F4xx/Include -I../Drivers/STM32F4xx_HAL_Driver/Inc/Legacy -O0 -ffunction-sections -fdata-sections -Wall -fstack-usage -MMD -MP -MF"Drivers/STM32F4xx_HAL_Driver/Src/stm32f4xx_hal_i2c.d" -MT"Drivers/STM32F4xx_HAL_Driver/Src/stm32f4xx_hal_i2c.o" --specs=nano.specs -mfpu=fpv4-sp-d16 -mfloat-abi=hard -mthumb -o "Drivers/STM32F4xx_HAL_Driver/Src/stm32f4xx_hal_i2c.o"
arm-none-eabi-gcc "../Drivers/STM32F4xx_HAL_Driver/Src/stm32f4xx_hal_i2c_ex.c" -mcpu=cortex-m4 -std=gnu11 -g3 -DUSE_HAL_DRIVER -DDEBUG -DSTM32F407xx -c -I../Drivers/CMSIS/Include -I../Drivers/STM32F4xx_HAL_Driver/Inc -I../Core/Inc -I../Drivers/CMSIS/Device/ST/STM32F4xx/Include -I../Drivers/STM32F4xx_HAL_Driver/Inc/Legacy -O0 -ffunction-sections -fdata-sections -Wall -fstack-usage -MMD -MP -MF"Drivers/STM32F4xx_HAL_Driver/Src/stm32f4xx_hal_i2c_ex.d" -MT"Drivers/STM32F4xx_HAL_Driver/Src/stm32f4xx_hal_i2c_ex.o" --specs=nano.specs -mfpu=fpv4-sp-d16 -mfloat-abi=hard -mthumb -o "Drivers/STM32F4xx_HAL_Driver/Src/stm32f4xx_hal_i2c_ex.o"
arm-none-eabi-gcc "../Drivers/STM32F4xx_HAL_Driver/Src/stm32f4xx_hal_pwr.c" -mcpu=cortex-m4 -std=gnu11 -g3 -DUSE_HAL_DRIVER -DDEBUG -DSTM32F407xx -c -I../Drivers/CMSIS/Include -I../Drivers/STM32F4xx_HAL_Driver/Inc -I../Core/Inc -I../Drivers/CMSIS/Device/ST/STM32F4xx/Include -I../Drivers/STM32F4xx_HAL_Driver/Inc/Legacy -O0 -ffunction-sections -fdata-sections -Wall -fstack-usage -MMD -MP -MF"Drivers/STM32F4xx_HAL_Driver/Src/stm32f4xx_hal_pwr.d" -MT"Drivers/STM32F4xx_HAL_Driver/Src/stm32f4xx_hal_pwr.o" --specs=nano.specs -mfpu=fpv4-sp-d16 -mfloat-abi=hard -mthumb -o "Drivers/STM32F4xx_HAL_Driver/Src/stm32f4xx_hal_pwr.o"
arm-none-eabi-gcc "../Drivers/STM32F4xx_HAL_Driver/Src/stm32f4xx_hal_pwr_ex.c" -mcpu=cortex-m4 -std=gnu11 -g3 -DUSE_HAL_DRIVER -DDEBUG -DSTM32F407xx -c -I../Drivers/CMSIS/Include -I../Drivers/STM32F4xx_HAL_Driver/Inc -I../Core/Inc -I../Drivers/CMSIS/Device/ST/STM32F4xx/Include -I../Drivers/STM32F4xx_HAL_Driver/Inc/Legacy -O0 -ffunction-sections -fdata-sections -Wall -fstack-usage -MMD -MP -MF"Drivers/STM32F4xx_HAL_Driver/Src/stm32f4xx_hal_pwr_ex.d" -MT"Drivers/STM32F4xx_HAL_Driver/Src/stm32f4xx_hal_pwr_ex.o" --specs=nano.specs -mfpu=fpv4-sp-d16 -mfloat-abi=hard -mthumb -o "Drivers/STM32F4xx_HAL_Driver/Src/stm32f4xx_hal_pwr_ex.o"
arm-none-eabi-gcc "../Drivers/STM32F4xx_HAL_Driver/Src/stm32f4xx_hal_rcc.c" -mcpu=cortex-m4 -std=gnu11 -g3 -DUSE_HAL_DRIVER -DDEBUG -DSTM32F407xx -c -I../Drivers/CMSIS/Include -I../Drivers/STM32F4xx_HAL_Driver/Inc -I../Core/Inc -I../Drivers/CMSIS/Device/ST/STM32F4xx/Include -I../Drivers/STM32F4xx_HAL_Driver/Inc/Legacy -O0 -ffunction-sections -fdata-sections -Wall -fstack-usage -MMD -MP -MF"Drivers/STM32F4xx_HAL_Driver/Src/stm32f4xx_hal_rcc.d" -MT"Drivers/STM32F4xx_HAL_Driver/Src/stm32f4xx_hal_rcc.o" --specs=nano.specs -mfpu=fpv4-sp-d16 -mfloat-abi=hard -mthumb -o "Drivers/STM32F4xx_HAL_Driver/Src/stm32f4xx_hal_rcc.o"
arm-none-eabi-gcc "../Drivers/STM32F4xx_HAL_Driver/Src/stm32f4xx_hal_rcc_ex.c" -mcpu=cortex-m4 -std=gnu11 -g3 -DUSE_HAL_DRIVER -DDEBUG -DSTM32F407xx -c -I../Drivers/CMSIS/Include -I../Drivers/STM32F4xx_HAL_Driver/Inc -I../Core/Inc -I../Drivers/CMSIS/Device/ST/STM32F4xx/Include -I../Drivers/STM32F4xx_HAL_Driver/Inc/Legacy -O0 -ffunction-sections -fdata-sections -Wall -fstack-usage -MMD -MP -MF"Drivers/STM32F4xx_HAL_Driver/Src/stm32f4xx_hal_rcc_ex.d" -MT"Drivers/STM32F4xx_HAL_Driver/Src/stm32f4xx_hal_rcc_ex.o" --specs=nano.specs -mfpu=fpv4-sp-d16 -mfloat-abi=hard -mthumb -o "Drivers/STM32F4xx_HAL_Driver/Src/stm32f4xx_hal_rcc_ex.o"
arm-none-eabi-gcc "../Drivers/STM32F4xx_HAL_Driver/Src/stm32f4xx_hal_rtc.c" -mcpu=cortex-m4 -std=gnu11 -g3 -DUSE_HAL_DRIVER -DDEBUG -DSTM32F407xx -c -I../Drivers/CMSIS/Include -I../Drivers/STM32F4xx_HAL_Driver/Inc -I../Core/Inc -I../Drivers/CMSIS/Device/ST/STM32F4xx/Include -I../Drivers/STM32F4xx_HAL_Driver/Inc/Legacy -O0 -ffunction-sections -fdata-sections -Wall -fstack-usage -MMD -MP -MF"Drivers/STM32F4xx_HAL_Driver/Src/stm32f4xx_hal_rtc.d" -MT"Drivers/STM32F4xx_HAL_Driver/Src/stm32f4xx_hal_rtc.o" --specs=nano.specs -mfpu=fpv4-sp-d16 -mfloat-abi=hard -mthumb -o "Drivers/STM32F4xx_HAL_Driver/Src/stm32f4xx_hal_rtc.o"
arm-none-eabi-gcc "../Drivers/STM32F4xx_HAL_Driver/Src/stm32f4xx_hal_rtc_ex.c" -mcpu=cortex-m4 -std=gnu11 -g3 -DUSE_HAL_DRIVER -DDEBUG -DSTM32F407xx -c -I../Drivers/CMSIS/Include -I../Drivers/STM32F4xx_HAL_Driver/Inc -I../Core/Inc -I../Drivers/CMSIS/Device/ST/STM32F4xx/Include -I../Drivers/STM32F4xx_HAL_Driver/Inc/Legacy -O0 -ffunction-sections -fdata-sections -Wall -fstack-usage -MMD -MP -MF"Drivers/STM32F4xx_HAL_Driver/Src/stm32f4xx_hal_rtc_ex.d" -MT"Drivers/STM32F4xx_HAL_Driver/Src/stm32f4xx_hal_rtc_ex.o" --specs=nano.specs -mfpu=fpv4-sp-d16 -mfloat-abi=hard -mthumb -o "Drivers/STM32F4xx_HAL_Driver/Src/stm32f4xx_hal_rtc_ex.o"
arm-none-eabi-gcc "../Drivers/STM32F4xx_HAL_Driver/Src/stm32f4xx_hal_tim.c" -mcpu=cortex-m4 -std=gnu11 -g3 -DUSE_HAL_DRIVER -DDEBUG -DSTM32F407xx -c -I../Drivers/CMSIS/Include -I../Drivers/STM32F4xx_HAL_Driver/Inc -I../Core/Inc -I../Drivers/CMSIS/Device/ST/STM32F4xx/Include -I../Drivers/STM32F4xx_HAL_Driver/Inc/Legacy -O0 -ffunction-sections -fdata-sections -Wall -fstack-usage -MMD -MP -MF"Drivers/STM32F4xx_HAL_Driver/Src/stm32f4xx_hal_tim.d" -MT"Drivers/STM32F4xx_HAL_Driver/Src/stm32f4xx_hal_tim.o" --specs=nano.specs -mfpu=fpv4-sp-d16 -mfloat-abi=hard -mthumb -o "Drivers/STM32F4xx_HAL_Driver/Src/stm32f4xx_hal_tim.o"
arm-none-eabi-gcc "../Drivers/STM32F4xx_HAL_Driver/Src/stm32f4xx_hal_tim_ex.c" -mcpu=cortex-m4 -std=gnu11 -g3 -DUSE_HAL_DRIVER -DDEBUG -DSTM32F407xx -c -I../Drivers/CMSIS/Include -I../Drivers/STM32F4xx_HAL_Driver/Inc -I../Core/Inc -I../Drivers/CMSIS/Device/ST/STM32F4xx/Include -I../Drivers/STM32F4xx_HAL_Driver/Inc/Legacy -O0 -ffunction-sections -fdata-sections -Wall -fstack-usage -MMD -MP -MF"Drivers/STM32F4xx_HAL_Driver/Src/stm32f4xx_hal_tim_ex.d" -MT"Drivers/STM32F4xx_HAL_Driver/Src/stm32f4xx_hal_tim_ex.o" --specs=nano.specs -mfpu=fpv4-sp-d16 -mfloat-abi=hard -mthumb -o "Drivers/STM32F4xx_HAL_Driver/Src/stm32f4xx_hal_tim_ex.o"
arm-none-eabi-gcc "../Drivers/STM32F4xx_HAL_Driver/Src/stm32f4xx_hal_uart.c" -mcpu=cortex-m4 -std=gnu11 -g3 -DUSE_HAL_DRIVER -DDEBUG -DSTM32F407xx -c -I../Drivers/CMSIS/Include -I../Drivers/STM32F4xx_HAL_Driver/Inc -I../Core/Inc -I../Drivers/CMSIS/Device/ST/STM32F4xx/Include -I../Drivers/STM32F4xx_HAL_Driver/Inc/Legacy -O0 -ffunction-sections -fdata-sections -Wall -fstack-usage -MMD -MP -MF"Drivers/STM32F4xx_HAL_Driver/Src/stm32f4xx_hal_uart.d" -MT"Drivers/STM32F4xx_HAL_Driver/Src/stm32f4xx_hal_uart.o" --specs=nano.specs -mfpu=fpv4-sp-d16 -mfloat-abi=hard -mthumb -o "Drivers/STM32F4xx_HAL_Driver/Src/stm32f4xx_hal_uart.o"
arm-none-eabi-gcc "../Core/Src/main.c" -mcpu=cortex-m4 -std=gnu11 -g3 -DUSE_HAL_DRIVER -DDEBUG -DSTM32F407xx -c -I../Drivers/CMSIS/Include -I../Drivers/STM32F4xx_HAL_Driver/Inc -I../Core/Inc -I../Drivers/CMSIS/Device/ST/STM32F4xx/Include -I../Drivers/STM32F4xx_HAL_Driver/Inc/Legacy -O0 -ffunction-sections -fdata-sections -Wall -fstack-usage -MMD -MP -MF"Core/Src/main.d" -MT"Core/Src/main.o" --specs=nano.specs -mfpu=fpv4-sp-d16 -mfloat-abi=hard -mthumb -o "Core/Src/main.o"
arm-none-eabi-gcc "../Core/Src/stm32f4xx_hal_msp.c" -mcpu=cortex-m4 -std=gnu11 -g3 -DUSE_HAL_DRIVER -DDEBUG -DSTM32F407xx -c -I../Drivers/CMSIS/Include -I../Drivers/STM32F4xx_HAL_Driver/Inc -I../Core/Inc -I../Drivers/CMSIS/Device/ST/STM32F4xx/Include -I../Drivers/STM32F4xx_HAL_Driver/Inc/Legacy -O0 -ffunction-sections -fdata-sections -Wall -fstack-usage -MMD -MP -MF"Core/Src/stm32f4xx_hal_msp.d" -MT"Core/Src/stm32f4xx_hal_msp.o" --specs=nano.specs -mfpu=fpv4-sp-d16 -mfloat-abi=hard -mthumb -o "Core/Src/stm32f4xx_hal_msp.o"
arm-none-eabi-gcc "../Core/Src/stm32f4xx_it.c" -mcpu=cortex-m4 -std=gnu11 -g3 -DUSE_HAL_DRIVER -DDEBUG -DSTM32F407xx -c -I../Drivers/CMSIS/Include -I../Drivers/STM32F4xx_HAL_Driver/Inc -I../Core/Inc -I../Drivers/CMSIS/Device/ST/STM32F4xx/Include -I../Drivers/STM32F4xx_HAL_Driver/Inc/Legacy -O0 -ffunction-sections -fdata-sections -Wall -fstack-usage -MMD -MP -MF"Core/Src/stm32f4xx_it.d" -MT"Core/Src/stm32f4xx_it.o" --specs=nano.specs -mfpu=fpv4-sp-d16 -mfloat-abi=hard -mthumb -o "Core/Src/stm32f4xx_it.o"
../Core/Src/main.c: In function 'make_string':
../Core/Src/main.c:152:2: warning: implicit declaration of function 'sprintf' [-Wimplicit-function-declaration]
  sprintf(str,
  ^~~~~~~
../Core/Src/main.c:152:2: warning: incompatible implicit declaration of built-in function 'sprintf'
../Core/Src/main.c:152:2: note: include '<stdio.h>' or provide a declaration of 'sprintf'
../Core/Src/main.c:152:10: warning: pointer targets in passing argument 1 of 'sprintf' differ in signedness [-Wpointer-sign]
  sprintf(str,
          ^~~
../Core/Src/main.c:152:10: note: expected 'char *' but argument is of type 'uint8_t * {aka unsigned char *}'
../Core/Src/main.c:153:5: warning: 'sprintf' writing a terminating nul past the end of the destination [-Wformat-overflow=]
     "%02x %02x %04x "              //11
     ^~~~~~~~~~~~~~~~~
../Core/Src/main.c:159:8: note: format string is defined here
     "\n",                    //1
        ^
../Core/Src/main.c:152:2: note: 'sprintf' output 157 bytes into a destination of size 156
  sprintf(str,
  ^~~~~~~~~~~~~
     "%02x %02x %04x "              //11
     ~~~~~~~~~~~~~~~~~~~~~~~~~~~~~~~~~~~~
     "%04x "                   //5
     ~~~~~~~~~~~~~~~~~~~~~~~~~~~~~~
     "%04x %04x %04x %04x %04x %04x %04x "    //35
     ~~~~~~~~~~~~~~~~~~~~~~~~~~~~~~~~~~~~~~~~~~~~~~
     "%04x %04x %04x %04x %04x %04x %04x "    //35
     ~~~~~~~~~~~~~~~~~~~~~~~~~~~~~~~~~~~~~~~~~~~~~~
     "%04x %04x %04x %04x %04x %04x %04x "    //35
     ~~~~~~~~~~~~~~~~~~~~~~~~~~~~~~~~~~~~~~~~~~~~~~
     "%04x %04x %04x %04x %04x %04x %04x"     //34
     ~~~~~~~~~~~~~~~~~~~~~~~~~~~~~~~~~~~~~~~~~~~~~~
     "\n",                    //1
     ~~~~~~~~~~~~~~~~~~~~~~~~~~~~~
                           //=156
                           ~~~~~~~
     (uint8_t)(sTime1.Minutes),
     ~~~~~~~~~~~~~~~~~~~~~~~~~~~
     (uint8_t)(sTime1.Seconds),
     ~~~~~~~~~~~~~~~~~~~~~~~~~~~
     (uint16_t)(sTime1.SubSeconds),
     ~~~~~~~~~~~~~~~~~~~~~~~~~~~~~~~
 
 ~ 
     //(uint16_t)((count & 1023) + 10000),
     ~~~~~~~~~~~~~~~~~~~~~~~~~~~~~~~~~~~~~~
     count,
     ~~~~~~~
 
 ~ 
     (uint16_t)(dat1_buf[0]<<8 | dat1_buf[1]),
     ~~~~~~~~~~~~~~~~~~~~~~~~~~~~~~~~~~~~~~~~~~
     (uint16_t)(dat1_buf[2]<<8 | dat1_buf[3]),
     ~~~~~~~~~~~~~~~~~~~~~~~~~~~~~~~~~~~~~~~~~~
     (uint16_t)(dat1_buf[4]<<8 | dat1_buf[5]),
     ~~~~~~~~~~~~~~~~~~~~~~~~~~~~~~~~~~~~~~~~~~
     (uint16_t)(dat1_buf[6]<<8 | dat1_buf[7]),
     ~~~~~~~~~~~~~~~~~~~~~~~~~~~~~~~~~~~~~~~~~~
     (uint16_t)(dat1_buf[8]<<8 | dat1_buf[9]),
     ~~~~~~~~~~~~~~~~~~~~~~~~~~~~~~~~~~~~~~~~~~
     (uint16_t)(dat1_buf[10]<<8 | dat1_buf[11]),
     ~~~~~~~~~~~~~~~~~~~~~~~~~~~~~~~~~~~~~~~~~~~~
     (uint16_t)(dat1_buf[12]<<8 | dat1_buf[13]),
     ~~~~~~~~~~~~~~~~~~~~~~~~~~~~~~~~~~~~~~~~~~~~
 
 ~ 
     (uint16_t)(dat2_buf[0]<<8 | dat2_buf[1]),
     ~~~~~~~~~~~~~~~~~~~~~~~~~~~~~~~~~~~~~~~~~~
     (uint16_t)(dat2_buf[2]<<8 | dat2_buf[3]),
     ~~~~~~~~~~~~~~~~~~~~~~~~~~~~~~~~~~~~~~~~~~
     (uint16_t)(dat2_buf[4]<<8 | dat2_buf[5]),
     ~~~~~~~~~~~~~~~~~~~~~~~~~~~~~~~~~~~~~~~~~~
     (uint16_t)(dat2_buf[6]<<8 | dat2_buf[7]),
     ~~~~~~~~~~~~~~~~~~~~~~~~~~~~~~~~~~~~~~~~~~
     (uint16_t)(dat2_buf[8]<<8 | dat2_buf[9]),
     ~~~~~~~~~~~~~~~~~~~~~~~~~~~~~~~~~~~~~~~~~~
     (uint16_t)(dat2_buf[10]<<8 | dat2_buf[11]),
     ~~~~~~~~~~~~~~~~~~~~~~~~~~~~~~~~~~~~~~~~~~~~
     (uint16_t)(dat2_buf[12]<<8 | dat2_buf[13]),
     ~~~~~~~~~~~~~~~~~~~~~~~~~~~~~~~~~~~~~~~~~~~~
 
 ~ 
     (uint16_t)(dat3_buf[0]<<8 | dat3_buf[1]),
     ~~~~~~~~~~~~~~~~~~~~~~~~~~~~~~~~~~~~~~~~~~
     (uint16_t)(dat3_buf[2]<<8 | dat3_buf[3]),
     ~~~~~~~~~~~~~~~~~~~~~~~~~~~~~~~~~~~~~~~~~~
     (uint16_t)(dat3_buf[4]<<8 | dat3_buf[5]),
     ~~~~~~~~~~~~~~~~~~~~~~~~~~~~~~~~~~~~~~~~~~
     (uint16_t)(dat3_buf[6]<<8 | dat3_buf[7]),
     ~~~~~~~~~~~~~~~~~~~~~~~~~~~~~~~~~~~~~~~~~~
     (uint16_t)(dat3_buf[8]<<8 | dat3_buf[9]),
     ~~~~~~~~~~~~~~~~~~~~~~~~~~~~~~~~~~~~~~~~~~
     (uint16_t)(dat3_buf[10]<<8 | dat3_buf[11]),
     ~~~~~~~~~~~~~~~~~~~~~~~~~~~~~~~~~~~~~~~~~~~~
     (uint16_t)(dat3_buf[12]<<8 | dat3_buf[13]),
     ~~~~~~~~~~~~~~~~~~~~~~~~~~~~~~~~~~~~~~~~~~~~
 
 ~ 
     (uint16_t)(dat4_buf[0]<<8 | dat4_buf[1]),
     ~~~~~~~~~~~~~~~~~~~~~~~~~~~~~~~~~~~~~~~~~~
     (uint16_t)(dat4_buf[2]<<8 | dat4_buf[3]),
     ~~~~~~~~~~~~~~~~~~~~~~~~~~~~~~~~~~~~~~~~~~
     (uint16_t)(dat4_buf[4]<<8 | dat4_buf[5]),
     ~~~~~~~~~~~~~~~~~~~~~~~~~~~~~~~~~~~~~~~~~~
     (uint16_t)(dat4_buf[6]<<8 | dat4_buf[7]),
     ~~~~~~~~~~~~~~~~~~~~~~~~~~~~~~~~~~~~~~~~~~
     (uint16_t)(dat4_buf[8]<<8 | dat4_buf[9]),
     ~~~~~~~~~~~~~~~~~~~~~~~~~~~~~~~~~~~~~~~~~~
     (uint16_t)(dat4_buf[10]<<8 | dat4_buf[11]),
     ~~~~~~~~~~~~~~~~~~~~~~~~~~~~~~~~~~~~~~~~~~~~
     (uint16_t)(dat4_buf[12]<<8 | dat4_buf[13])
     ~~~~~~~~~~~~~~~~~~~~~~~~~~~~~~~~~~~~~~~~~~~
  );
  ~
arm-none-eabi-gcc "../Core/Src/system_stm32f4xx.c" -mcpu=cortex-m4 -std=gnu11 -g3 -DUSE_HAL_DRIVER -DDEBUG -DSTM32F407xx -c -I../Drivers/CMSIS/Include -I../Drivers/STM32F4xx_HAL_Driver/Inc -I../Core/Inc -I../Drivers/CMSIS/Device/ST/STM32F4xx/Include -I../Drivers/STM32F4xx_HAL_Driver/Inc/Legacy -O0 -ffunction-sections -fdata-sections -Wall -fstack-usage -MMD -MP -MF"Core/Src/system_stm32f4xx.d" -MT"Core/Src/system_stm32f4xx.o" --specs=nano.specs -mfpu=fpv4-sp-d16 -mfloat-abi=hard -mthumb -o "Core/Src/system_stm32f4xx.o"
arm-none-eabi-gcc -o "gyro_based_sync.elf" @"objects.list"   -mcpu=cortex-m4 -T"/home/ma/STM32CubeIDE/gyro_based_sync/gyro_based_sync/STM32F407VGTX_FLASH.ld" --specs=nosys.specs -Wl,-Map="gyro_based_sync.map" -Wl,--gc-sections -static --specs=nano.specs -mfpu=fpv4-sp-d16 -mfloat-abi=hard -mthumb -Wl,--start-group -lc -lm -Wl,--end-group
Finished building target: gyro_based_sync.elf
 
arm-none-eabi-size   gyro_based_sync.elf 
arm-none-eabi-objdump -h -S  gyro_based_sync.elf  > "gyro_based_sync.list"
   text	   data	    bss	    dec	    hex	filename
  28592	    276	   2292	  31160	   79b8	gyro_based_sync.elf
Finished building: default.size.stdout
 
Finished building: gyro_based_sync.list
 
23:52:09 **** Incremental Build of configuration Debug for project gyro_based_sync ****
make -j12 all 
arm-none-eabi-size   gyro_based_sync.elf 
   text	   data	    bss	    dec	    hex	filename
  28592	    276	   2292	  31160	   79b8	gyro_based_sync.elf
Finished building: default.size.stdout
 
23:52:18 **** Incremental Build of configuration Debug for project gyro_based_sync ****
make -j12 all 
arm-none-eabi-size   gyro_based_sync.elf 
   text	   data	    bss	    dec	    hex	filename
  28592	    276	   2292	  31160	   79b8	gyro_based_sync.elf
Finished building: default.size.stdout
 
23:53:42 **** Incremental Build of configuration Debug for project gyro_based_sync ****
make -j12 all 
arm-none-eabi-size   gyro_based_sync.elf 
   text	   data	    bss	    dec	    hex	filename
  28592	    276	   2292	  31160	   79b8	gyro_based_sync.elf
Finished building: default.size.stdout
 
00:11:02 **** Incremental Build of configuration Debug for project gyro_based_sync ****
make -j12 all 
arm-none-eabi-gcc "../Drivers/STM32F4xx_HAL_Driver/Src/stm32f4xx_hal.c" -mcpu=cortex-m4 -std=gnu11 -g3 -DUSE_HAL_DRIVER -DDEBUG -DSTM32F407xx -c -I../Drivers/CMSIS/Include -I../Drivers/STM32F4xx_HAL_Driver/Inc -I../Core/Inc -I../Drivers/CMSIS/Device/ST/STM32F4xx/Include -I../Drivers/STM32F4xx_HAL_Driver/Inc/Legacy -O0 -ffunction-sections -fdata-sections -Wall -fstack-usage -MMD -MP -MF"Drivers/STM32F4xx_HAL_Driver/Src/stm32f4xx_hal.d" -MT"Drivers/STM32F4xx_HAL_Driver/Src/stm32f4xx_hal.o" --specs=nano.specs -mfpu=fpv4-sp-d16 -mfloat-abi=hard -mthumb -o "Drivers/STM32F4xx_HAL_Driver/Src/stm32f4xx_hal.o"
arm-none-eabi-gcc "../Drivers/STM32F4xx_HAL_Driver/Src/stm32f4xx_hal_cortex.c" -mcpu=cortex-m4 -std=gnu11 -g3 -DUSE_HAL_DRIVER -DDEBUG -DSTM32F407xx -c -I../Drivers/CMSIS/Include -I../Drivers/STM32F4xx_HAL_Driver/Inc -I../Core/Inc -I../Drivers/CMSIS/Device/ST/STM32F4xx/Include -I../Drivers/STM32F4xx_HAL_Driver/Inc/Legacy -O0 -ffunction-sections -fdata-sections -Wall -fstack-usage -MMD -MP -MF"Drivers/STM32F4xx_HAL_Driver/Src/stm32f4xx_hal_cortex.d" -MT"Drivers/STM32F4xx_HAL_Driver/Src/stm32f4xx_hal_cortex.o" --specs=nano.specs -mfpu=fpv4-sp-d16 -mfloat-abi=hard -mthumb -o "Drivers/STM32F4xx_HAL_Driver/Src/stm32f4xx_hal_cortex.o"
arm-none-eabi-gcc "../Drivers/STM32F4xx_HAL_Driver/Src/stm32f4xx_hal_dma.c" -mcpu=cortex-m4 -std=gnu11 -g3 -DUSE_HAL_DRIVER -DDEBUG -DSTM32F407xx -c -I../Drivers/CMSIS/Include -I../Drivers/STM32F4xx_HAL_Driver/Inc -I../Core/Inc -I../Drivers/CMSIS/Device/ST/STM32F4xx/Include -I../Drivers/STM32F4xx_HAL_Driver/Inc/Legacy -O0 -ffunction-sections -fdata-sections -Wall -fstack-usage -MMD -MP -MF"Drivers/STM32F4xx_HAL_Driver/Src/stm32f4xx_hal_dma.d" -MT"Drivers/STM32F4xx_HAL_Driver/Src/stm32f4xx_hal_dma.o" --specs=nano.specs -mfpu=fpv4-sp-d16 -mfloat-abi=hard -mthumb -o "Drivers/STM32F4xx_HAL_Driver/Src/stm32f4xx_hal_dma.o"
arm-none-eabi-gcc "../Drivers/STM32F4xx_HAL_Driver/Src/stm32f4xx_hal_dma_ex.c" -mcpu=cortex-m4 -std=gnu11 -g3 -DUSE_HAL_DRIVER -DDEBUG -DSTM32F407xx -c -I../Drivers/CMSIS/Include -I../Drivers/STM32F4xx_HAL_Driver/Inc -I../Core/Inc -I../Drivers/CMSIS/Device/ST/STM32F4xx/Include -I../Drivers/STM32F4xx_HAL_Driver/Inc/Legacy -O0 -ffunction-sections -fdata-sections -Wall -fstack-usage -MMD -MP -MF"Drivers/STM32F4xx_HAL_Driver/Src/stm32f4xx_hal_dma_ex.d" -MT"Drivers/STM32F4xx_HAL_Driver/Src/stm32f4xx_hal_dma_ex.o" --specs=nano.specs -mfpu=fpv4-sp-d16 -mfloat-abi=hard -mthumb -o "Drivers/STM32F4xx_HAL_Driver/Src/stm32f4xx_hal_dma_ex.o"
arm-none-eabi-gcc "../Drivers/STM32F4xx_HAL_Driver/Src/stm32f4xx_hal_exti.c" -mcpu=cortex-m4 -std=gnu11 -g3 -DUSE_HAL_DRIVER -DDEBUG -DSTM32F407xx -c -I../Drivers/CMSIS/Include -I../Drivers/STM32F4xx_HAL_Driver/Inc -I../Core/Inc -I../Drivers/CMSIS/Device/ST/STM32F4xx/Include -I../Drivers/STM32F4xx_HAL_Driver/Inc/Legacy -O0 -ffunction-sections -fdata-sections -Wall -fstack-usage -MMD -MP -MF"Drivers/STM32F4xx_HAL_Driver/Src/stm32f4xx_hal_exti.d" -MT"Drivers/STM32F4xx_HAL_Driver/Src/stm32f4xx_hal_exti.o" --specs=nano.specs -mfpu=fpv4-sp-d16 -mfloat-abi=hard -mthumb -o "Drivers/STM32F4xx_HAL_Driver/Src/stm32f4xx_hal_exti.o"
arm-none-eabi-gcc "../Drivers/STM32F4xx_HAL_Driver/Src/stm32f4xx_hal_flash.c" -mcpu=cortex-m4 -std=gnu11 -g3 -DUSE_HAL_DRIVER -DDEBUG -DSTM32F407xx -c -I../Drivers/CMSIS/Include -I../Drivers/STM32F4xx_HAL_Driver/Inc -I../Core/Inc -I../Drivers/CMSIS/Device/ST/STM32F4xx/Include -I../Drivers/STM32F4xx_HAL_Driver/Inc/Legacy -O0 -ffunction-sections -fdata-sections -Wall -fstack-usage -MMD -MP -MF"Drivers/STM32F4xx_HAL_Driver/Src/stm32f4xx_hal_flash.d" -MT"Drivers/STM32F4xx_HAL_Driver/Src/stm32f4xx_hal_flash.o" --specs=nano.specs -mfpu=fpv4-sp-d16 -mfloat-abi=hard -mthumb -o "Drivers/STM32F4xx_HAL_Driver/Src/stm32f4xx_hal_flash.o"
arm-none-eabi-gcc "../Drivers/STM32F4xx_HAL_Driver/Src/stm32f4xx_hal_flash_ex.c" -mcpu=cortex-m4 -std=gnu11 -g3 -DUSE_HAL_DRIVER -DDEBUG -DSTM32F407xx -c -I../Drivers/CMSIS/Include -I../Drivers/STM32F4xx_HAL_Driver/Inc -I../Core/Inc -I../Drivers/CMSIS/Device/ST/STM32F4xx/Include -I../Drivers/STM32F4xx_HAL_Driver/Inc/Legacy -O0 -ffunction-sections -fdata-sections -Wall -fstack-usage -MMD -MP -MF"Drivers/STM32F4xx_HAL_Driver/Src/stm32f4xx_hal_flash_ex.d" -MT"Drivers/STM32F4xx_HAL_Driver/Src/stm32f4xx_hal_flash_ex.o" --specs=nano.specs -mfpu=fpv4-sp-d16 -mfloat-abi=hard -mthumb -o "Drivers/STM32F4xx_HAL_Driver/Src/stm32f4xx_hal_flash_ex.o"
arm-none-eabi-gcc "../Drivers/STM32F4xx_HAL_Driver/Src/stm32f4xx_hal_flash_ramfunc.c" -mcpu=cortex-m4 -std=gnu11 -g3 -DUSE_HAL_DRIVER -DDEBUG -DSTM32F407xx -c -I../Drivers/CMSIS/Include -I../Drivers/STM32F4xx_HAL_Driver/Inc -I../Core/Inc -I../Drivers/CMSIS/Device/ST/STM32F4xx/Include -I../Drivers/STM32F4xx_HAL_Driver/Inc/Legacy -O0 -ffunction-sections -fdata-sections -Wall -fstack-usage -MMD -MP -MF"Drivers/STM32F4xx_HAL_Driver/Src/stm32f4xx_hal_flash_ramfunc.d" -MT"Drivers/STM32F4xx_HAL_Driver/Src/stm32f4xx_hal_flash_ramfunc.o" --specs=nano.specs -mfpu=fpv4-sp-d16 -mfloat-abi=hard -mthumb -o "Drivers/STM32F4xx_HAL_Driver/Src/stm32f4xx_hal_flash_ramfunc.o"
arm-none-eabi-gcc "../Drivers/STM32F4xx_HAL_Driver/Src/stm32f4xx_hal_gpio.c" -mcpu=cortex-m4 -std=gnu11 -g3 -DUSE_HAL_DRIVER -DDEBUG -DSTM32F407xx -c -I../Drivers/CMSIS/Include -I../Drivers/STM32F4xx_HAL_Driver/Inc -I../Core/Inc -I../Drivers/CMSIS/Device/ST/STM32F4xx/Include -I../Drivers/STM32F4xx_HAL_Driver/Inc/Legacy -O0 -ffunction-sections -fdata-sections -Wall -fstack-usage -MMD -MP -MF"Drivers/STM32F4xx_HAL_Driver/Src/stm32f4xx_hal_gpio.d" -MT"Drivers/STM32F4xx_HAL_Driver/Src/stm32f4xx_hal_gpio.o" --specs=nano.specs -mfpu=fpv4-sp-d16 -mfloat-abi=hard -mthumb -o "Drivers/STM32F4xx_HAL_Driver/Src/stm32f4xx_hal_gpio.o"
arm-none-eabi-gcc "../Drivers/STM32F4xx_HAL_Driver/Src/stm32f4xx_hal_i2c.c" -mcpu=cortex-m4 -std=gnu11 -g3 -DUSE_HAL_DRIVER -DDEBUG -DSTM32F407xx -c -I../Drivers/CMSIS/Include -I../Drivers/STM32F4xx_HAL_Driver/Inc -I../Core/Inc -I../Drivers/CMSIS/Device/ST/STM32F4xx/Include -I../Drivers/STM32F4xx_HAL_Driver/Inc/Legacy -O0 -ffunction-sections -fdata-sections -Wall -fstack-usage -MMD -MP -MF"Drivers/STM32F4xx_HAL_Driver/Src/stm32f4xx_hal_i2c.d" -MT"Drivers/STM32F4xx_HAL_Driver/Src/stm32f4xx_hal_i2c.o" --specs=nano.specs -mfpu=fpv4-sp-d16 -mfloat-abi=hard -mthumb -o "Drivers/STM32F4xx_HAL_Driver/Src/stm32f4xx_hal_i2c.o"
arm-none-eabi-gcc "../Drivers/STM32F4xx_HAL_Driver/Src/stm32f4xx_hal_i2c_ex.c" -mcpu=cortex-m4 -std=gnu11 -g3 -DUSE_HAL_DRIVER -DDEBUG -DSTM32F407xx -c -I../Drivers/CMSIS/Include -I../Drivers/STM32F4xx_HAL_Driver/Inc -I../Core/Inc -I../Drivers/CMSIS/Device/ST/STM32F4xx/Include -I../Drivers/STM32F4xx_HAL_Driver/Inc/Legacy -O0 -ffunction-sections -fdata-sections -Wall -fstack-usage -MMD -MP -MF"Drivers/STM32F4xx_HAL_Driver/Src/stm32f4xx_hal_i2c_ex.d" -MT"Drivers/STM32F4xx_HAL_Driver/Src/stm32f4xx_hal_i2c_ex.o" --specs=nano.specs -mfpu=fpv4-sp-d16 -mfloat-abi=hard -mthumb -o "Drivers/STM32F4xx_HAL_Driver/Src/stm32f4xx_hal_i2c_ex.o"
arm-none-eabi-gcc "../Drivers/STM32F4xx_HAL_Driver/Src/stm32f4xx_hal_pwr.c" -mcpu=cortex-m4 -std=gnu11 -g3 -DUSE_HAL_DRIVER -DDEBUG -DSTM32F407xx -c -I../Drivers/CMSIS/Include -I../Drivers/STM32F4xx_HAL_Driver/Inc -I../Core/Inc -I../Drivers/CMSIS/Device/ST/STM32F4xx/Include -I../Drivers/STM32F4xx_HAL_Driver/Inc/Legacy -O0 -ffunction-sections -fdata-sections -Wall -fstack-usage -MMD -MP -MF"Drivers/STM32F4xx_HAL_Driver/Src/stm32f4xx_hal_pwr.d" -MT"Drivers/STM32F4xx_HAL_Driver/Src/stm32f4xx_hal_pwr.o" --specs=nano.specs -mfpu=fpv4-sp-d16 -mfloat-abi=hard -mthumb -o "Drivers/STM32F4xx_HAL_Driver/Src/stm32f4xx_hal_pwr.o"
arm-none-eabi-gcc "../Drivers/STM32F4xx_HAL_Driver/Src/stm32f4xx_hal_pwr_ex.c" -mcpu=cortex-m4 -std=gnu11 -g3 -DUSE_HAL_DRIVER -DDEBUG -DSTM32F407xx -c -I../Drivers/CMSIS/Include -I../Drivers/STM32F4xx_HAL_Driver/Inc -I../Core/Inc -I../Drivers/CMSIS/Device/ST/STM32F4xx/Include -I../Drivers/STM32F4xx_HAL_Driver/Inc/Legacy -O0 -ffunction-sections -fdata-sections -Wall -fstack-usage -MMD -MP -MF"Drivers/STM32F4xx_HAL_Driver/Src/stm32f4xx_hal_pwr_ex.d" -MT"Drivers/STM32F4xx_HAL_Driver/Src/stm32f4xx_hal_pwr_ex.o" --specs=nano.specs -mfpu=fpv4-sp-d16 -mfloat-abi=hard -mthumb -o "Drivers/STM32F4xx_HAL_Driver/Src/stm32f4xx_hal_pwr_ex.o"
arm-none-eabi-gcc "../Drivers/STM32F4xx_HAL_Driver/Src/stm32f4xx_hal_rcc.c" -mcpu=cortex-m4 -std=gnu11 -g3 -DUSE_HAL_DRIVER -DDEBUG -DSTM32F407xx -c -I../Drivers/CMSIS/Include -I../Drivers/STM32F4xx_HAL_Driver/Inc -I../Core/Inc -I../Drivers/CMSIS/Device/ST/STM32F4xx/Include -I../Drivers/STM32F4xx_HAL_Driver/Inc/Legacy -O0 -ffunction-sections -fdata-sections -Wall -fstack-usage -MMD -MP -MF"Drivers/STM32F4xx_HAL_Driver/Src/stm32f4xx_hal_rcc.d" -MT"Drivers/STM32F4xx_HAL_Driver/Src/stm32f4xx_hal_rcc.o" --specs=nano.specs -mfpu=fpv4-sp-d16 -mfloat-abi=hard -mthumb -o "Drivers/STM32F4xx_HAL_Driver/Src/stm32f4xx_hal_rcc.o"
arm-none-eabi-gcc "../Drivers/STM32F4xx_HAL_Driver/Src/stm32f4xx_hal_rcc_ex.c" -mcpu=cortex-m4 -std=gnu11 -g3 -DUSE_HAL_DRIVER -DDEBUG -DSTM32F407xx -c -I../Drivers/CMSIS/Include -I../Drivers/STM32F4xx_HAL_Driver/Inc -I../Core/Inc -I../Drivers/CMSIS/Device/ST/STM32F4xx/Include -I../Drivers/STM32F4xx_HAL_Driver/Inc/Legacy -O0 -ffunction-sections -fdata-sections -Wall -fstack-usage -MMD -MP -MF"Drivers/STM32F4xx_HAL_Driver/Src/stm32f4xx_hal_rcc_ex.d" -MT"Drivers/STM32F4xx_HAL_Driver/Src/stm32f4xx_hal_rcc_ex.o" --specs=nano.specs -mfpu=fpv4-sp-d16 -mfloat-abi=hard -mthumb -o "Drivers/STM32F4xx_HAL_Driver/Src/stm32f4xx_hal_rcc_ex.o"
arm-none-eabi-gcc "../Drivers/STM32F4xx_HAL_Driver/Src/stm32f4xx_hal_rtc.c" -mcpu=cortex-m4 -std=gnu11 -g3 -DUSE_HAL_DRIVER -DDEBUG -DSTM32F407xx -c -I../Drivers/CMSIS/Include -I../Drivers/STM32F4xx_HAL_Driver/Inc -I../Core/Inc -I../Drivers/CMSIS/Device/ST/STM32F4xx/Include -I../Drivers/STM32F4xx_HAL_Driver/Inc/Legacy -O0 -ffunction-sections -fdata-sections -Wall -fstack-usage -MMD -MP -MF"Drivers/STM32F4xx_HAL_Driver/Src/stm32f4xx_hal_rtc.d" -MT"Drivers/STM32F4xx_HAL_Driver/Src/stm32f4xx_hal_rtc.o" --specs=nano.specs -mfpu=fpv4-sp-d16 -mfloat-abi=hard -mthumb -o "Drivers/STM32F4xx_HAL_Driver/Src/stm32f4xx_hal_rtc.o"
arm-none-eabi-gcc "../Drivers/STM32F4xx_HAL_Driver/Src/stm32f4xx_hal_rtc_ex.c" -mcpu=cortex-m4 -std=gnu11 -g3 -DUSE_HAL_DRIVER -DDEBUG -DSTM32F407xx -c -I../Drivers/CMSIS/Include -I../Drivers/STM32F4xx_HAL_Driver/Inc -I../Core/Inc -I../Drivers/CMSIS/Device/ST/STM32F4xx/Include -I../Drivers/STM32F4xx_HAL_Driver/Inc/Legacy -O0 -ffunction-sections -fdata-sections -Wall -fstack-usage -MMD -MP -MF"Drivers/STM32F4xx_HAL_Driver/Src/stm32f4xx_hal_rtc_ex.d" -MT"Drivers/STM32F4xx_HAL_Driver/Src/stm32f4xx_hal_rtc_ex.o" --specs=nano.specs -mfpu=fpv4-sp-d16 -mfloat-abi=hard -mthumb -o "Drivers/STM32F4xx_HAL_Driver/Src/stm32f4xx_hal_rtc_ex.o"
arm-none-eabi-gcc "../Drivers/STM32F4xx_HAL_Driver/Src/stm32f4xx_hal_tim.c" -mcpu=cortex-m4 -std=gnu11 -g3 -DUSE_HAL_DRIVER -DDEBUG -DSTM32F407xx -c -I../Drivers/CMSIS/Include -I../Drivers/STM32F4xx_HAL_Driver/Inc -I../Core/Inc -I../Drivers/CMSIS/Device/ST/STM32F4xx/Include -I../Drivers/STM32F4xx_HAL_Driver/Inc/Legacy -O0 -ffunction-sections -fdata-sections -Wall -fstack-usage -MMD -MP -MF"Drivers/STM32F4xx_HAL_Driver/Src/stm32f4xx_hal_tim.d" -MT"Drivers/STM32F4xx_HAL_Driver/Src/stm32f4xx_hal_tim.o" --specs=nano.specs -mfpu=fpv4-sp-d16 -mfloat-abi=hard -mthumb -o "Drivers/STM32F4xx_HAL_Driver/Src/stm32f4xx_hal_tim.o"
arm-none-eabi-gcc "../Drivers/STM32F4xx_HAL_Driver/Src/stm32f4xx_hal_tim_ex.c" -mcpu=cortex-m4 -std=gnu11 -g3 -DUSE_HAL_DRIVER -DDEBUG -DSTM32F407xx -c -I../Drivers/CMSIS/Include -I../Drivers/STM32F4xx_HAL_Driver/Inc -I../Core/Inc -I../Drivers/CMSIS/Device/ST/STM32F4xx/Include -I../Drivers/STM32F4xx_HAL_Driver/Inc/Legacy -O0 -ffunction-sections -fdata-sections -Wall -fstack-usage -MMD -MP -MF"Drivers/STM32F4xx_HAL_Driver/Src/stm32f4xx_hal_tim_ex.d" -MT"Drivers/STM32F4xx_HAL_Driver/Src/stm32f4xx_hal_tim_ex.o" --specs=nano.specs -mfpu=fpv4-sp-d16 -mfloat-abi=hard -mthumb -o "Drivers/STM32F4xx_HAL_Driver/Src/stm32f4xx_hal_tim_ex.o"
arm-none-eabi-gcc "../Drivers/STM32F4xx_HAL_Driver/Src/stm32f4xx_hal_uart.c" -mcpu=cortex-m4 -std=gnu11 -g3 -DUSE_HAL_DRIVER -DDEBUG -DSTM32F407xx -c -I../Drivers/CMSIS/Include -I../Drivers/STM32F4xx_HAL_Driver/Inc -I../Core/Inc -I../Drivers/CMSIS/Device/ST/STM32F4xx/Include -I../Drivers/STM32F4xx_HAL_Driver/Inc/Legacy -O0 -ffunction-sections -fdata-sections -Wall -fstack-usage -MMD -MP -MF"Drivers/STM32F4xx_HAL_Driver/Src/stm32f4xx_hal_uart.d" -MT"Drivers/STM32F4xx_HAL_Driver/Src/stm32f4xx_hal_uart.o" --specs=nano.specs -mfpu=fpv4-sp-d16 -mfloat-abi=hard -mthumb -o "Drivers/STM32F4xx_HAL_Driver/Src/stm32f4xx_hal_uart.o"
arm-none-eabi-gcc "../Core/Src/main.c" -mcpu=cortex-m4 -std=gnu11 -g3 -DUSE_HAL_DRIVER -DDEBUG -DSTM32F407xx -c -I../Drivers/CMSIS/Include -I../Drivers/STM32F4xx_HAL_Driver/Inc -I../Core/Inc -I../Drivers/CMSIS/Device/ST/STM32F4xx/Include -I../Drivers/STM32F4xx_HAL_Driver/Inc/Legacy -O0 -ffunction-sections -fdata-sections -Wall -fstack-usage -MMD -MP -MF"Core/Src/main.d" -MT"Core/Src/main.o" --specs=nano.specs -mfpu=fpv4-sp-d16 -mfloat-abi=hard -mthumb -o "Core/Src/main.o"
arm-none-eabi-gcc "../Core/Src/stm32f4xx_hal_msp.c" -mcpu=cortex-m4 -std=gnu11 -g3 -DUSE_HAL_DRIVER -DDEBUG -DSTM32F407xx -c -I../Drivers/CMSIS/Include -I../Drivers/STM32F4xx_HAL_Driver/Inc -I../Core/Inc -I../Drivers/CMSIS/Device/ST/STM32F4xx/Include -I../Drivers/STM32F4xx_HAL_Driver/Inc/Legacy -O0 -ffunction-sections -fdata-sections -Wall -fstack-usage -MMD -MP -MF"Core/Src/stm32f4xx_hal_msp.d" -MT"Core/Src/stm32f4xx_hal_msp.o" --specs=nano.specs -mfpu=fpv4-sp-d16 -mfloat-abi=hard -mthumb -o "Core/Src/stm32f4xx_hal_msp.o"
arm-none-eabi-gcc "../Core/Src/stm32f4xx_it.c" -mcpu=cortex-m4 -std=gnu11 -g3 -DUSE_HAL_DRIVER -DDEBUG -DSTM32F407xx -c -I../Drivers/CMSIS/Include -I../Drivers/STM32F4xx_HAL_Driver/Inc -I../Core/Inc -I../Drivers/CMSIS/Device/ST/STM32F4xx/Include -I../Drivers/STM32F4xx_HAL_Driver/Inc/Legacy -O0 -ffunction-sections -fdata-sections -Wall -fstack-usage -MMD -MP -MF"Core/Src/stm32f4xx_it.d" -MT"Core/Src/stm32f4xx_it.o" --specs=nano.specs -mfpu=fpv4-sp-d16 -mfloat-abi=hard -mthumb -o "Core/Src/stm32f4xx_it.o"
../Core/Src/main.c: In function 'make_string':
../Core/Src/main.c:152:2: warning: implicit declaration of function 'sprintf' [-Wimplicit-function-declaration]
  sprintf(str,
  ^~~~~~~
../Core/Src/main.c:152:2: warning: incompatible implicit declaration of built-in function 'sprintf'
../Core/Src/main.c:152:2: note: include '<stdio.h>' or provide a declaration of 'sprintf'
../Core/Src/main.c:152:10: warning: pointer targets in passing argument 1 of 'sprintf' differ in signedness [-Wpointer-sign]
  sprintf(str,
          ^~~
../Core/Src/main.c:152:10: note: expected 'char *' but argument is of type 'uint8_t * {aka unsigned char *}'
../Core/Src/main.c:153:5: warning: 'sprintf' writing a terminating nul past the end of the destination [-Wformat-overflow=]
     "%02x %02x %04x "              //11
     ^~~~~~~~~~~~~~~~~
../Core/Src/main.c:159:8: note: format string is defined here
     "\n",                    //1
        ^
../Core/Src/main.c:152:2: note: 'sprintf' output 87 bytes into a destination of size 86
  sprintf(str,
  ^~~~~~~~~~~~~
     "%02x %02x %04x "              //11
     ~~~~~~~~~~~~~~~~~~~~~~~~~~~~~~~~~~~~
     "%04x "                   //5
     ~~~~~~~~~~~~~~~~~~~~~~~~~~~~~~
     "%04x %04x %04x %04x %04x %04x %04x "    //35
     ~~~~~~~~~~~~~~~~~~~~~~~~~~~~~~~~~~~~~~~~~~~~~~
     //"%04x %04x %04x %04x %04x %04x %04x "    //35
     ~~~~~~~~~~~~~~~~~~~~~~~~~~~~~~~~~~~~~~~~~~~~~~~~
     //"%04x %04x %04x %04x %04x %04x %04x "    //35
     ~~~~~~~~~~~~~~~~~~~~~~~~~~~~~~~~~~~~~~~~~~~~~~~~
     "%04x %04x %04x %04x %04x %04x %04x"     //34
     ~~~~~~~~~~~~~~~~~~~~~~~~~~~~~~~~~~~~~~~~~~~~~~
     "\n",                    //1
     ~~~~~~~~~~~~~~~~~~~~~~~~~~~~~
                           //=86
                           ~~~~~~
     (uint8_t)(sTime1.Minutes),
     ~~~~~~~~~~~~~~~~~~~~~~~~~~~
     (uint8_t)(sTime1.Seconds),
     ~~~~~~~~~~~~~~~~~~~~~~~~~~~
     (uint16_t)(sTime1.SubSeconds),
     ~~~~~~~~~~~~~~~~~~~~~~~~~~~~~~~
 
 ~ 
     //(uint16_t)((count & 1023) + 10000),
     ~~~~~~~~~~~~~~~~~~~~~~~~~~~~~~~~~~~~~~
     count,
     ~~~~~~~
 
 ~ 
     (uint16_t)(dat1_buf[0]<<8 | dat1_buf[1]),
     ~~~~~~~~~~~~~~~~~~~~~~~~~~~~~~~~~~~~~~~~~~
     (uint16_t)(dat1_buf[2]<<8 | dat1_buf[3]),
     ~~~~~~~~~~~~~~~~~~~~~~~~~~~~~~~~~~~~~~~~~~
     (uint16_t)(dat1_buf[4]<<8 | dat1_buf[5]),
     ~~~~~~~~~~~~~~~~~~~~~~~~~~~~~~~~~~~~~~~~~~
     (uint16_t)(dat1_buf[6]<<8 | dat1_buf[7]),
     ~~~~~~~~~~~~~~~~~~~~~~~~~~~~~~~~~~~~~~~~~~
     (uint16_t)(dat1_buf[8]<<8 | dat1_buf[9]),
     ~~~~~~~~~~~~~~~~~~~~~~~~~~~~~~~~~~~~~~~~~~
     (uint16_t)(dat1_buf[10]<<8 | dat1_buf[11]),
     ~~~~~~~~~~~~~~~~~~~~~~~~~~~~~~~~~~~~~~~~~~~~
     (uint16_t)(dat1_buf[12]<<8 | dat1_buf[13]),
     ~~~~~~~~~~~~~~~~~~~~~~~~~~~~~~~~~~~~~~~~~~~~
 
 ~ 
     (uint16_t)(dat2_buf[0]<<8 | dat2_buf[1]),
     ~~~~~~~~~~~~~~~~~~~~~~~~~~~~~~~~~~~~~~~~~~
     (uint16_t)(dat2_buf[2]<<8 | dat2_buf[3]),
     ~~~~~~~~~~~~~~~~~~~~~~~~~~~~~~~~~~~~~~~~~~
     (uint16_t)(dat2_buf[4]<<8 | dat2_buf[5]),
     ~~~~~~~~~~~~~~~~~~~~~~~~~~~~~~~~~~~~~~~~~~
     (uint16_t)(dat2_buf[6]<<8 | dat2_buf[7]),
     ~~~~~~~~~~~~~~~~~~~~~~~~~~~~~~~~~~~~~~~~~~
     (uint16_t)(dat2_buf[8]<<8 | dat2_buf[9]),
     ~~~~~~~~~~~~~~~~~~~~~~~~~~~~~~~~~~~~~~~~~~
     (uint16_t)(dat2_buf[10]<<8 | dat2_buf[11]),
     ~~~~~~~~~~~~~~~~~~~~~~~~~~~~~~~~~~~~~~~~~~~~
     (uint16_t)(dat2_buf[12]<<8 | dat2_buf[13])/*,
     ~~~~~~~~~~~~~~~~~~~~~~~~~~~~~~~~~~~~~~~~~~~~~~
 
 ~ 
     (uint16_t)(dat3_buf[0]<<8 | dat3_buf[1]),
     ~~~~~~~~~~~~~~~~~~~~~~~~~~~~~~~~~~~~~~~~~~
     (uint16_t)(dat3_buf[2]<<8 | dat3_buf[3]),
     ~~~~~~~~~~~~~~~~~~~~~~~~~~~~~~~~~~~~~~~~~~
     (uint16_t)(dat3_buf[4]<<8 | dat3_buf[5]),
     ~~~~~~~~~~~~~~~~~~~~~~~~~~~~~~~~~~~~~~~~~~
     (uint16_t)(dat3_buf[6]<<8 | dat3_buf[7]),
     ~~~~~~~~~~~~~~~~~~~~~~~~~~~~~~~~~~~~~~~~~~
     (uint16_t)(dat3_buf[8]<<8 | dat3_buf[9]),
     ~~~~~~~~~~~~~~~~~~~~~~~~~~~~~~~~~~~~~~~~~~
     (uint16_t)(dat3_buf[10]<<8 | dat3_buf[11]),
     ~~~~~~~~~~~~~~~~~~~~~~~~~~~~~~~~~~~~~~~~~~~~
     (uint16_t)(dat3_buf[12]<<8 | dat3_buf[13]),
     ~~~~~~~~~~~~~~~~~~~~~~~~~~~~~~~~~~~~~~~~~~~~
 
 ~ 
     (uint16_t)(dat4_buf[0]<<8 | dat4_buf[1]),
     ~~~~~~~~~~~~~~~~~~~~~~~~~~~~~~~~~~~~~~~~~~
     (uint16_t)(dat4_buf[2]<<8 | dat4_buf[3]),
     ~~~~~~~~~~~~~~~~~~~~~~~~~~~~~~~~~~~~~~~~~~
     (uint16_t)(dat4_buf[4]<<8 | dat4_buf[5]),
     ~~~~~~~~~~~~~~~~~~~~~~~~~~~~~~~~~~~~~~~~~~
     (uint16_t)(dat4_buf[6]<<8 | dat4_buf[7]),
     ~~~~~~~~~~~~~~~~~~~~~~~~~~~~~~~~~~~~~~~~~~
     (uint16_t)(dat4_buf[8]<<8 | dat4_buf[9]),
     ~~~~~~~~~~~~~~~~~~~~~~~~~~~~~~~~~~~~~~~~~~
     (uint16_t)(dat4_buf[10]<<8 | dat4_buf[11]),
     ~~~~~~~~~~~~~~~~~~~~~~~~~~~~~~~~~~~~~~~~~~~~
     (uint16_t)(dat4_buf[12]<<8 | dat4_buf[13])*/
     ~~~~~~~~~~~~~~~~~~~~~~~~~~~~~~~~~~~~~~~~~~~~~
  );
  ~
arm-none-eabi-gcc "../Core/Src/syscalls.c" -mcpu=cortex-m4 -std=gnu11 -g3 -DUSE_HAL_DRIVER -DDEBUG -DSTM32F407xx -c -I../Drivers/CMSIS/Include -I../Drivers/STM32F4xx_HAL_Driver/Inc -I../Core/Inc -I../Drivers/CMSIS/Device/ST/STM32F4xx/Include -I../Drivers/STM32F4xx_HAL_Driver/Inc/Legacy -O0 -ffunction-sections -fdata-sections -Wall -fstack-usage -MMD -MP -MF"Core/Src/syscalls.d" -MT"Core/Src/syscalls.o" --specs=nano.specs -mfpu=fpv4-sp-d16 -mfloat-abi=hard -mthumb -o "Core/Src/syscalls.o"
arm-none-eabi-gcc "../Core/Src/system_stm32f4xx.c" -mcpu=cortex-m4 -std=gnu11 -g3 -DUSE_HAL_DRIVER -DDEBUG -DSTM32F407xx -c -I../Drivers/CMSIS/Include -I../Drivers/STM32F4xx_HAL_Driver/Inc -I../Core/Inc -I../Drivers/CMSIS/Device/ST/STM32F4xx/Include -I../Drivers/STM32F4xx_HAL_Driver/Inc/Legacy -O0 -ffunction-sections -fdata-sections -Wall -fstack-usage -MMD -MP -MF"Core/Src/system_stm32f4xx.d" -MT"Core/Src/system_stm32f4xx.o" --specs=nano.specs -mfpu=fpv4-sp-d16 -mfloat-abi=hard -mthumb -o "Core/Src/system_stm32f4xx.o"
arm-none-eabi-gcc -o "gyro_based_sync.elf" @"objects.list"   -mcpu=cortex-m4 -T"/home/ma/STM32CubeIDE/gyro_based_sync/gyro_based_sync/STM32F407VGTX_FLASH.ld" --specs=nosys.specs -Wl,-Map="gyro_based_sync.map" -Wl,--gc-sections -static --specs=nano.specs -mfpu=fpv4-sp-d16 -mfloat-abi=hard -mthumb -Wl,--start-group -lc -lm -Wl,--end-group
Finished building target: gyro_based_sync.elf
 
arm-none-eabi-objdump -h -S  gyro_based_sync.elf  > "gyro_based_sync.list"
arm-none-eabi-size   gyro_based_sync.elf 
   text	   data	    bss	    dec	    hex	filename
  27948	    120	   2384	  30452	   76f4	gyro_based_sync.elf
Finished building: default.size.stdout
 
Finished building: gyro_based_sync.list
 
00:11:37 **** Incremental Build of configuration Debug for project gyro_based_sync ****
make -j12 all 
arm-none-eabi-size   gyro_based_sync.elf 
   text	   data	    bss	    dec	    hex	filename
  27948	    120	   2384	  30452	   76f4	gyro_based_sync.elf
Finished building: default.size.stdout
 
00:22:01 **** Incremental Build of configuration Debug for project gyro_based_sync ****
make -j12 all 
arm-none-eabi-gcc "../Core/Src/main.c" -mcpu=cortex-m4 -std=gnu11 -g3 -DUSE_HAL_DRIVER -DDEBUG -DSTM32F407xx -c -I../Drivers/CMSIS/Include -I../Drivers/STM32F4xx_HAL_Driver/Inc -I../Core/Inc -I../Drivers/CMSIS/Device/ST/STM32F4xx/Include -I../Drivers/STM32F4xx_HAL_Driver/Inc/Legacy -O0 -ffunction-sections -fdata-sections -Wall -fstack-usage -MMD -MP -MF"Core/Src/main.d" -MT"Core/Src/main.o" --specs=nano.specs -mfpu=fpv4-sp-d16 -mfloat-abi=hard -mthumb -o "Core/Src/main.o"
../Core/Src/main.c: In function 'make_string':
../Core/Src/main.c:152:2: warning: implicit declaration of function 'sprintf' [-Wimplicit-function-declaration]
  sprintf(str,
  ^~~~~~~
../Core/Src/main.c:152:2: warning: incompatible implicit declaration of built-in function 'sprintf'
../Core/Src/main.c:152:2: note: include '<stdio.h>' or provide a declaration of 'sprintf'
../Core/Src/main.c:152:10: warning: pointer targets in passing argument 1 of 'sprintf' differ in signedness [-Wpointer-sign]
  sprintf(str,
          ^~~
../Core/Src/main.c:152:10: note: expected 'char *' but argument is of type 'uint8_t * {aka unsigned char *}'
../Core/Src/main.c:153:5: warning: 'sprintf' writing a terminating nul past the end of the destination [-Wformat-overflow=]
     "%02x %02x %04x "              //11
     ^~~~~~~~~~~~~~~~~
../Core/Src/main.c:159:8: note: format string is defined here
     "\n",                    //1
        ^
../Core/Src/main.c:152:2: note: 'sprintf' output 87 bytes into a destination of size 86
  sprintf(str,
  ^~~~~~~~~~~~~
     "%02x %02x %04x "              //11
     ~~~~~~~~~~~~~~~~~~~~~~~~~~~~~~~~~~~~
     "%04x "                   //5
     ~~~~~~~~~~~~~~~~~~~~~~~~~~~~~~
     "%04x %04x %04x %04x %04x %04x %04x "    //35
     ~~~~~~~~~~~~~~~~~~~~~~~~~~~~~~~~~~~~~~~~~~~~~~
     //"%04x %04x %04x %04x %04x %04x %04x "    //35
     ~~~~~~~~~~~~~~~~~~~~~~~~~~~~~~~~~~~~~~~~~~~~~~~~
     //"%04x %04x %04x %04x %04x %04x %04x "    //35
     ~~~~~~~~~~~~~~~~~~~~~~~~~~~~~~~~~~~~~~~~~~~~~~~~
     "%04x %04x %04x %04x %04x %04x %04x"     //34
     ~~~~~~~~~~~~~~~~~~~~~~~~~~~~~~~~~~~~~~~~~~~~~~
     "\n",                    //1
     ~~~~~~~~~~~~~~~~~~~~~~~~~~~~~
                           //=86
                           ~~~~~~
     (uint8_t)(sTime1.Minutes),
     ~~~~~~~~~~~~~~~~~~~~~~~~~~~
     (uint8_t)(sTime1.Seconds),
     ~~~~~~~~~~~~~~~~~~~~~~~~~~~
     (uint16_t)(sTime1.SubSeconds),
     ~~~~~~~~~~~~~~~~~~~~~~~~~~~~~~~
 
 ~ 
     //(uint16_t)((count & 1023) + 10000),
     ~~~~~~~~~~~~~~~~~~~~~~~~~~~~~~~~~~~~~~
     count,
     ~~~~~~~
 
 ~ 
     (uint16_t)(dat1_buf[0]<<8 | dat1_buf[1]),
     ~~~~~~~~~~~~~~~~~~~~~~~~~~~~~~~~~~~~~~~~~~
     (uint16_t)(dat1_buf[2]<<8 | dat1_buf[3]),
     ~~~~~~~~~~~~~~~~~~~~~~~~~~~~~~~~~~~~~~~~~~
     (uint16_t)(dat1_buf[4]<<8 | dat1_buf[5]),
     ~~~~~~~~~~~~~~~~~~~~~~~~~~~~~~~~~~~~~~~~~~
     (uint16_t)(dat1_buf[6]<<8 | dat1_buf[7]),
     ~~~~~~~~~~~~~~~~~~~~~~~~~~~~~~~~~~~~~~~~~~
     (uint16_t)(dat1_buf[8]<<8 | dat1_buf[9]),
     ~~~~~~~~~~~~~~~~~~~~~~~~~~~~~~~~~~~~~~~~~~
     (uint16_t)(dat1_buf[10]<<8 | dat1_buf[11]),
     ~~~~~~~~~~~~~~~~~~~~~~~~~~~~~~~~~~~~~~~~~~~~
     (uint16_t)(dat1_buf[12]<<8 | dat1_buf[13]),
     ~~~~~~~~~~~~~~~~~~~~~~~~~~~~~~~~~~~~~~~~~~~~
 
 ~ 
     (uint16_t)(dat2_buf[0]<<8 | dat2_buf[1]),
     ~~~~~~~~~~~~~~~~~~~~~~~~~~~~~~~~~~~~~~~~~~
     (uint16_t)(dat2_buf[2]<<8 | dat2_buf[3]),
     ~~~~~~~~~~~~~~~~~~~~~~~~~~~~~~~~~~~~~~~~~~
     (uint16_t)(dat2_buf[4]<<8 | dat2_buf[5]),
     ~~~~~~~~~~~~~~~~~~~~~~~~~~~~~~~~~~~~~~~~~~
     (uint16_t)(dat2_buf[6]<<8 | dat2_buf[7]),
     ~~~~~~~~~~~~~~~~~~~~~~~~~~~~~~~~~~~~~~~~~~
     (uint16_t)(dat2_buf[8]<<8 | dat2_buf[9]),
     ~~~~~~~~~~~~~~~~~~~~~~~~~~~~~~~~~~~~~~~~~~
     (uint16_t)(dat2_buf[10]<<8 | dat2_buf[11]),
     ~~~~~~~~~~~~~~~~~~~~~~~~~~~~~~~~~~~~~~~~~~~~
     (uint16_t)(dat2_buf[12]<<8 | dat2_buf[13])/*,
     ~~~~~~~~~~~~~~~~~~~~~~~~~~~~~~~~~~~~~~~~~~~~~~
 
 ~ 
     (uint16_t)(dat3_buf[0]<<8 | dat3_buf[1]),
     ~~~~~~~~~~~~~~~~~~~~~~~~~~~~~~~~~~~~~~~~~~
     (uint16_t)(dat3_buf[2]<<8 | dat3_buf[3]),
     ~~~~~~~~~~~~~~~~~~~~~~~~~~~~~~~~~~~~~~~~~~
     (uint16_t)(dat3_buf[4]<<8 | dat3_buf[5]),
     ~~~~~~~~~~~~~~~~~~~~~~~~~~~~~~~~~~~~~~~~~~
     (uint16_t)(dat3_buf[6]<<8 | dat3_buf[7]),
     ~~~~~~~~~~~~~~~~~~~~~~~~~~~~~~~~~~~~~~~~~~
     (uint16_t)(dat3_buf[8]<<8 | dat3_buf[9]),
     ~~~~~~~~~~~~~~~~~~~~~~~~~~~~~~~~~~~~~~~~~~
     (uint16_t)(dat3_buf[10]<<8 | dat3_buf[11]),
     ~~~~~~~~~~~~~~~~~~~~~~~~~~~~~~~~~~~~~~~~~~~~
     (uint16_t)(dat3_buf[12]<<8 | dat3_buf[13]),
     ~~~~~~~~~~~~~~~~~~~~~~~~~~~~~~~~~~~~~~~~~~~~
 
 ~ 
     (uint16_t)(dat4_buf[0]<<8 | dat4_buf[1]),
     ~~~~~~~~~~~~~~~~~~~~~~~~~~~~~~~~~~~~~~~~~~
     (uint16_t)(dat4_buf[2]<<8 | dat4_buf[3]),
     ~~~~~~~~~~~~~~~~~~~~~~~~~~~~~~~~~~~~~~~~~~
     (uint16_t)(dat4_buf[4]<<8 | dat4_buf[5]),
     ~~~~~~~~~~~~~~~~~~~~~~~~~~~~~~~~~~~~~~~~~~
     (uint16_t)(dat4_buf[6]<<8 | dat4_buf[7]),
     ~~~~~~~~~~~~~~~~~~~~~~~~~~~~~~~~~~~~~~~~~~
     (uint16_t)(dat4_buf[8]<<8 | dat4_buf[9]),
     ~~~~~~~~~~~~~~~~~~~~~~~~~~~~~~~~~~~~~~~~~~
     (uint16_t)(dat4_buf[10]<<8 | dat4_buf[11]),
     ~~~~~~~~~~~~~~~~~~~~~~~~~~~~~~~~~~~~~~~~~~~~
     (uint16_t)(dat4_buf[12]<<8 | dat4_buf[13])*/
     ~~~~~~~~~~~~~~~~~~~~~~~~~~~~~~~~~~~~~~~~~~~~~
  );
  ~
arm-none-eabi-gcc -o "gyro_based_sync.elf" @"objects.list"   -mcpu=cortex-m4 -T"/home/ma/STM32CubeIDE/gyro_based_sync/gyro_based_sync/STM32F407VGTX_FLASH.ld" --specs=nosys.specs -Wl,-Map="gyro_based_sync.map" -Wl,--gc-sections -static --specs=nano.specs -mfpu=fpv4-sp-d16 -mfloat-abi=hard -mthumb -Wl,--start-group -lc -lm -Wl,--end-group
Finished building target: gyro_based_sync.elf
 
arm-none-eabi-objdump -h -S  gyro_based_sync.elf  > "gyro_based_sync.list"
arm-none-eabi-size   gyro_based_sync.elf 
   text	   data	    bss	    dec	    hex	filename
  27972	    120	   2384	  30476	   770c	gyro_based_sync.elf
Finished building: default.size.stdout
 
Finished building: gyro_based_sync.list
 
00:25:32 **** Incremental Build of configuration Debug for project gyro_based_sync ****
make -j12 all 
arm-none-eabi-gcc "../Core/Src/main.c" -mcpu=cortex-m4 -std=gnu11 -g3 -DUSE_HAL_DRIVER -DDEBUG -DSTM32F407xx -c -I../Drivers/CMSIS/Include -I../Drivers/STM32F4xx_HAL_Driver/Inc -I../Core/Inc -I../Drivers/CMSIS/Device/ST/STM32F4xx/Include -I../Drivers/STM32F4xx_HAL_Driver/Inc/Legacy -O0 -ffunction-sections -fdata-sections -Wall -fstack-usage -MMD -MP -MF"Core/Src/main.d" -MT"Core/Src/main.o" --specs=nano.specs -mfpu=fpv4-sp-d16 -mfloat-abi=hard -mthumb -o "Core/Src/main.o"
../Core/Src/main.c: In function 'make_string':
../Core/Src/main.c:152:2: warning: implicit declaration of function 'sprintf' [-Wimplicit-function-declaration]
  sprintf(str,
  ^~~~~~~
../Core/Src/main.c:152:2: warning: incompatible implicit declaration of built-in function 'sprintf'
../Core/Src/main.c:152:2: note: include '<stdio.h>' or provide a declaration of 'sprintf'
../Core/Src/main.c:152:10: warning: pointer targets in passing argument 1 of 'sprintf' differ in signedness [-Wpointer-sign]
  sprintf(str,
          ^~~
../Core/Src/main.c:152:10: note: expected 'char *' but argument is of type 'uint8_t * {aka unsigned char *}'
../Core/Src/main.c:153:5: warning: 'sprintf' writing a terminating nul past the end of the destination [-Wformat-overflow=]
     "%02x %02x %04x "              //11
     ^~~~~~~~~~~~~~~~~
../Core/Src/main.c:159:8: note: format string is defined here
     "\n",                    //1
        ^
../Core/Src/main.c:152:2: note: 'sprintf' output 87 bytes into a destination of size 86
  sprintf(str,
  ^~~~~~~~~~~~~
     "%02x %02x %04x "              //11
     ~~~~~~~~~~~~~~~~~~~~~~~~~~~~~~~~~~~~
     "%04x "                   //5
     ~~~~~~~~~~~~~~~~~~~~~~~~~~~~~~
     "%04x %04x %04x %04x %04x %04x %04x "    //35
     ~~~~~~~~~~~~~~~~~~~~~~~~~~~~~~~~~~~~~~~~~~~~~~
     //"%04x %04x %04x %04x %04x %04x %04x "    //35
     ~~~~~~~~~~~~~~~~~~~~~~~~~~~~~~~~~~~~~~~~~~~~~~~~
     //"%04x %04x %04x %04x %04x %04x %04x "    //35
     ~~~~~~~~~~~~~~~~~~~~~~~~~~~~~~~~~~~~~~~~~~~~~~~~
     "%04x %04x %04x %04x %04x %04x %04x"     //34
     ~~~~~~~~~~~~~~~~~~~~~~~~~~~~~~~~~~~~~~~~~~~~~~
     "\n",                    //1
     ~~~~~~~~~~~~~~~~~~~~~~~~~~~~~
                           //=86
                           ~~~~~~
     (uint8_t)(sTime1.Minutes),
     ~~~~~~~~~~~~~~~~~~~~~~~~~~~
     (uint8_t)(sTime1.Seconds),
     ~~~~~~~~~~~~~~~~~~~~~~~~~~~
     (uint16_t)(sTime1.SubSeconds),
     ~~~~~~~~~~~~~~~~~~~~~~~~~~~~~~~
 
 ~ 
     //(uint16_t)((count & 1023) + 10000),
     ~~~~~~~~~~~~~~~~~~~~~~~~~~~~~~~~~~~~~~
     count,
     ~~~~~~~
 
 ~ 
     (uint16_t)(dat1_buf[0]<<8 | dat1_buf[1]),
     ~~~~~~~~~~~~~~~~~~~~~~~~~~~~~~~~~~~~~~~~~~
     (uint16_t)(dat1_buf[2]<<8 | dat1_buf[3]),
     ~~~~~~~~~~~~~~~~~~~~~~~~~~~~~~~~~~~~~~~~~~
     (uint16_t)(dat1_buf[4]<<8 | dat1_buf[5]),
     ~~~~~~~~~~~~~~~~~~~~~~~~~~~~~~~~~~~~~~~~~~
     (uint16_t)(dat1_buf[6]<<8 | dat1_buf[7]),
     ~~~~~~~~~~~~~~~~~~~~~~~~~~~~~~~~~~~~~~~~~~
[...]
arm-none-eabi-size   gyro_based_sync.elf 
   text	   data	    bss	    dec	    hex	filename
  29852	    120	   2512	  32484	   7ee4	gyro_based_sync.elf
Finished building: default.size.stdout
 
Finished building: gyro_based_sync.bin
 
Finished building: gyro_based_sync.list
 
12:32:54 **** Incremental Build of configuration Debug for project gyro_based_sync ****
make -j12 all 
arm-none-eabi-gcc "../Core/Src/main.c" -mcpu=cortex-m4 -std=gnu11 -g3 -DUSE_HAL_DRIVER -DDEBUG -DSTM32F407xx -c -I../Drivers/CMSIS/Include -I../Drivers/STM32F4xx_HAL_Driver/Inc -I../Core/Inc -I../Drivers/CMSIS/Device/ST/STM32F4xx/Include -I../Drivers/STM32F4xx_HAL_Driver/Inc/Legacy -O0 -ffunction-sections -fdata-sections -Wall -fstack-usage -MMD -MP -MF"Core/Src/main.d" -MT"Core/Src/main.o" --specs=nano.specs -mfpu=fpv4-sp-d16 -mfloat-abi=hard -mthumb -o "Core/Src/main.o"
../Core/Src/main.c: In function 'make_string':
../Core/Src/main.c:192:2: warning: implicit declaration of function 'sprintf' [-Wimplicit-function-declaration]
  sprintf(str,
  ^~~~~~~
../Core/Src/main.c:192:2: warning: incompatible implicit declaration of built-in function 'sprintf'
../Core/Src/main.c:192:2: note: include '<stdio.h>' or provide a declaration of 'sprintf'
../Core/Src/main.c:192:10: warning: pointer targets in passing argument 1 of 'sprintf' differ in signedness [-Wpointer-sign]
  sprintf(str,
          ^~~
../Core/Src/main.c:192:10: note: expected 'char *' but argument is of type 'uint8_t * {aka unsigned char *}'
../Core/Src/main.c: In function 'make_string2':
../Core/Src/main.c:227:2: warning: incompatible implicit declaration of built-in function 'sprintf'
  sprintf(str2,
  ^~~~~~~
../Core/Src/main.c:227:2: note: include '<stdio.h>' or provide a declaration of 'sprintf'
../Core/Src/main.c:227:10: warning: pointer targets in passing argument 1 of 'sprintf' differ in signedness [-Wpointer-sign]
  sprintf(str2,
          ^~~~
../Core/Src/main.c:227:10: note: expected 'char *' but argument is of type 'uint8_t * {aka unsigned char *}'
../Core/Src/main.c:228:8: warning: format '%d' expects argument of type 'int', but argument 3 has type 'uint32_t {aka long unsigned int}' [-Wformat=]
   "%012d %012d %012d" //38
    ~~~~^
    %012ld
../Core/Src/main.c:231:3:
   t2-t1,
   ~~~~~ 
../Core/Src/main.c:228:14: warning: format '%d' expects argument of type 'int', but argument 4 has type 'uint32_t {aka long unsigned int}' [-Wformat=]
   "%012d %012d %012d" //38
          ~~~~^
          %012ld
../Core/Src/main.c:228:20: warning: format '%d' expects argument of type 'int', but argument 5 has type 'uint32_t {aka long unsigned int}' [-Wformat=]
   "%012d %012d %012d" //38
                ~~~~^
                %012ld
../Core/Src/main.c: In function 'make_string':
../Core/Src/main.c:193:5: warning: 'sprintf' writing a terminating nul past the end of the destination [-Wformat-overflow=]
     "%02x %02x %04x "              //11
     ^~~~~~~~~~~~~~~~~
../Core/Src/main.c:198:8: note: format string is defined here
     "\n",                    //1
        ^
../Core/Src/main.c:192:2: note: 'sprintf' output 96 bytes into a destination of size 95
  sprintf(str,
  ^~~~~~~~~~~~~
     "%02x %02x %04x "              //11
     ~~~~~~~~~~~~~~~~~~~~~~~~~~~~~~~~~~~~
     "%04x "                   //5
     ~~~~~~~~~~~~~~~~~~~~~~~~~~~~~~
     "%04x %04x %04x %04x %04x %04x %04x "    //35
     ~~~~~~~~~~~~~~~~~~~~~~~~~~~~~~~~~~~~~~~~~~~~~~
     "%04x %04x %04x %04x %04x %04x %04x "     //35
     ~~~~~~~~~~~~~~~~~~~~~~~~~~~~~~~~~~~~~~~~~~~~~~~
     "%08x"                                      //4
     ~~~~~~~~~~~~~~~~~~~~~~~~~~~~~~~~~~~~~~~~~~~~~~~~
     "\n",                    //1
     ~~~~~~~~~~~~~~~~~~~~~~~~~~~~~
                           //=91+4
                           ~~~~~~~~
     (uint8_t)(sTime1.Minutes),
     ~~~~~~~~~~~~~~~~~~~~~~~~~~~
     (uint8_t)(sTime1.Seconds),
     ~~~~~~~~~~~~~~~~~~~~~~~~~~~
     (uint16_t)(sTime1.SubSeconds),
     ~~~~~~~~~~~~~~~~~~~~~~~~~~~~~~~
 
 ~ 
     count,
     ~~~~~~~
 
 ~ 
     (uint16_t)(dat1_buf[0]<<8 | dat1_buf[1]),
     ~~~~~~~~~~~~~~~~~~~~~~~~~~~~~~~~~~~~~~~~~~
     (uint16_t)(dat1_buf[2]<<8 | dat1_buf[3]),
     ~~~~~~~~~~~~~~~~~~~~~~~~~~~~~~~~~~~~~~~~~~
     (uint16_t)(dat1_buf[4]<<8 | dat1_buf[5]),
     ~~~~~~~~~~~~~~~~~~~~~~~~~~~~~~~~~~~~~~~~~~
     (uint16_t)(dat1_buf[6]<<8 | dat1_buf[7]),
     ~~~~~~~~~~~~~~~~~~~~~~~~~~~~~~~~~~~~~~~~~~
     (uint16_t)(dat1_buf[8]<<8 | dat1_buf[9]),
     ~~~~~~~~~~~~~~~~~~~~~~~~~~~~~~~~~~~~~~~~~~
     (uint16_t)(dat1_buf[10]<<8 | dat1_buf[11]),
     ~~~~~~~~~~~~~~~~~~~~~~~~~~~~~~~~~~~~~~~~~~~~
     (uint16_t)(dat1_buf[12]<<8 | dat1_buf[13]),
     ~~~~~~~~~~~~~~~~~~~~~~~~~~~~~~~~~~~~~~~~~~~~
 
 ~ 
     (uint16_t)(dat2_buf[0]<<8 | dat2_buf[1]),
     ~~~~~~~~~~~~~~~~~~~~~~~~~~~~~~~~~~~~~~~~~~
     (uint16_t)(dat2_buf[2]<<8 | dat2_buf[3]),
     ~~~~~~~~~~~~~~~~~~~~~~~~~~~~~~~~~~~~~~~~~~
     (uint16_t)(dat2_buf[4]<<8 | dat2_buf[5]),
     ~~~~~~~~~~~~~~~~~~~~~~~~~~~~~~~~~~~~~~~~~~
     (uint16_t)(dat2_buf[6]<<8 | dat2_buf[7]),
     ~~~~~~~~~~~~~~~~~~~~~~~~~~~~~~~~~~~~~~~~~~
     (uint16_t)(dat2_buf[8]<<8 | dat2_buf[9]),
     ~~~~~~~~~~~~~~~~~~~~~~~~~~~~~~~~~~~~~~~~~~
     (uint16_t)(dat2_buf[10]<<8 | dat2_buf[11]),
     ~~~~~~~~~~~~~~~~~~~~~~~~~~~~~~~~~~~~~~~~~~~~
     (uint16_t)(dat2_buf[12]<<8 | dat2_buf[13]),
     ~~~~~~~~~~~~~~~~~~~~~~~~~~~~~~~~~~~~~~~~~~~~
 
 ~ 
     delta_t
     ~~~~~~~~
  );
  ~
../Core/Src/main.c: In function 'make_string2':
../Core/Src/main.c:228:3: warning: 'sprintf' writing a terminating nul past the end of the destination [-Wformat-overflow=]
   "%012d %012d %012d" //38
   ^~~~~~~~~~~~~~~~~~~
../Core/Src/main.c:229:7: note: format string is defined here
    "\n",    //1
       ^
../Core/Src/main.c:227:2: note: 'sprintf' output 40 bytes into a destination of size 39
  sprintf(str2,
  ^~~~~~~~~~~~~~
   "%012d %012d %012d" //38
   ~~~~~~~~~~~~~~~~~~~~~~~~~
    "\n",    //1
    ~~~~~~~~~~~~~
         //=39
         ~~~~~~
   t2-t1,
   ~~~~~~~
   t1,
   ~~~~
   t2
   ~~~
  );
  ~
arm-none-eabi-gcc -o "gyro_based_sync.elf" @"objects.list"   -mcpu=cortex-m4 -T"/home/ma/STM32CubeIDE/gyro_based_sync/gyro_based_sync/STM32F407VGTX_FLASH.ld" --specs=nosys.specs -Wl,-Map="gyro_based_sync.map" -Wl,--gc-sections -static --specs=nano.specs -mfpu=fpv4-sp-d16 -mfloat-abi=hard -mthumb -Wl,--start-group -lc -lm -Wl,--end-group
Finished building target: gyro_based_sync.elf
 
arm-none-eabi-objdump -h -S  gyro_based_sync.elf  > "gyro_based_sync.list"
arm-none-eabi-objcopy  -O binary  gyro_based_sync.elf  "gyro_based_sync.bin"
arm-none-eabi-size   gyro_based_sync.elf 
   text	   data	    bss	    dec	    hex	filename
  29852	    120	   2512	  32484	   7ee4	gyro_based_sync.elf
Finished building: default.size.stdout
 
Finished building: gyro_based_sync.bin
 
Finished building: gyro_based_sync.list
 
12:37:49 **** Incremental Build of configuration Debug for project gyro_based_sync ****
make -j12 all 
arm-none-eabi-gcc "../Core/Src/main.c" -mcpu=cortex-m4 -std=gnu11 -g3 -DUSE_HAL_DRIVER -DDEBUG -DSTM32F407xx -c -I../Drivers/CMSIS/Include -I../Drivers/STM32F4xx_HAL_Driver/Inc -I../Core/Inc -I../Drivers/CMSIS/Device/ST/STM32F4xx/Include -I../Drivers/STM32F4xx_HAL_Driver/Inc/Legacy -O0 -ffunction-sections -fdata-sections -Wall -fstack-usage -MMD -MP -MF"Core/Src/main.d" -MT"Core/Src/main.o" --specs=nano.specs -mfpu=fpv4-sp-d16 -mfloat-abi=hard -mthumb -o "Core/Src/main.o"
../Core/Src/main.c: In function 'make_string':
../Core/Src/main.c:192:2: warning: implicit declaration of function 'sprintf' [-Wimplicit-function-declaration]
  sprintf(str,
  ^~~~~~~
../Core/Src/main.c:192:2: warning: incompatible implicit declaration of built-in function 'sprintf'
../Core/Src/main.c:192:2: note: include '<stdio.h>' or provide a declaration of 'sprintf'
../Core/Src/main.c:192:10: warning: pointer targets in passing argument 1 of 'sprintf' differ in signedness [-Wpointer-sign]
  sprintf(str,
          ^~~
../Core/Src/main.c:192:10: note: expected 'char *' but argument is of type 'uint8_t * {aka unsigned char *}'
../Core/Src/main.c: In function 'make_string2':
../Core/Src/main.c:227:2: warning: incompatible implicit declaration of built-in function 'sprintf'
  sprintf(str2,
  ^~~~~~~
../Core/Src/main.c:227:2: note: include '<stdio.h>' or provide a declaration of 'sprintf'
../Core/Src/main.c:227:10: warning: pointer targets in passing argument 1 of 'sprintf' differ in signedness [-Wpointer-sign]
  sprintf(str2,
          ^~~~
../Core/Src/main.c:227:10: note: expected 'char *' but argument is of type 'uint8_t * {aka unsigned char *}'
../Core/Src/main.c:228:8: warning: format '%d' expects argument of type 'int', but argument 3 has type 'uint32_t {aka long unsigned int}' [-Wformat=]
   "%012d %012d %012d" //38
    ~~~~^
    %012ld
../Core/Src/main.c:231:3:
   t2-t1,
   ~~~~~ 
../Core/Src/main.c:228:14: warning: format '%d' expects argument of type 'int', but argument 4 has type 'uint32_t {aka long unsigned int}' [-Wformat=]
   "%012d %012d %012d" //38
          ~~~~^
          %012ld
../Core/Src/main.c:228:20: warning: format '%d' expects argument of type 'int', but argument 5 has type 'uint32_t {aka long unsigned int}' [-Wformat=]
   "%012d %012d %012d" //38
                ~~~~^
                %012ld
../Core/Src/main.c: In function 'make_string':
../Core/Src/main.c:193:5: warning: 'sprintf' writing a terminating nul past the end of the destination [-Wformat-overflow=]
     "%02x %02x %04x "              //11
     ^~~~~~~~~~~~~~~~~
../Core/Src/main.c:198:8: note: format string is defined here
     "\n",                    //1
        ^
../Core/Src/main.c:192:2: note: 'sprintf' output 92 bytes into a destination of size 91
  sprintf(str,
  ^~~~~~~~~~~~~
     "%02x %02x %04x "              //11
     ~~~~~~~~~~~~~~~~~~~~~~~~~~~~~~~~~~~~
     "%04x "                   //5
     ~~~~~~~~~~~~~~~~~~~~~~~~~~~~~~
     "%04x %04x %04x %04x %04x %04x %04x "    //35
     ~~~~~~~~~~~~~~~~~~~~~~~~~~~~~~~~~~~~~~~~~~~~~~
     "%04x %04x %04x %04x %04x %04x %04x "     //35
     ~~~~~~~~~~~~~~~~~~~~~~~~~~~~~~~~~~~~~~~~~~~~~~~
     "%04x"                                      //4
     ~~~~~~~~~~~~~~~~~~~~~~~~~~~~~~~~~~~~~~~~~~~~~~~~
     "\n",                    //1
     ~~~~~~~~~~~~~~~~~~~~~~~~~~~~~
                           //=91
                           ~~~~~~
     (uint8_t)(sTime1.Minutes),
     ~~~~~~~~~~~~~~~~~~~~~~~~~~~
     (uint8_t)(sTime1.Seconds),
     ~~~~~~~~~~~~~~~~~~~~~~~~~~~
     (uint16_t)(sTime1.SubSeconds),
     ~~~~~~~~~~~~~~~~~~~~~~~~~~~~~~~
 
 ~ 
     count,
     ~~~~~~~
 
 ~ 
     (uint16_t)(dat1_buf[0]<<8 | dat1_buf[1]),
     ~~~~~~~~~~~~~~~~~~~~~~~~~~~~~~~~~~~~~~~~~~
     (uint16_t)(dat1_buf[2]<<8 | dat1_buf[3]),
     ~~~~~~~~~~~~~~~~~~~~~~~~~~~~~~~~~~~~~~~~~~
     (uint16_t)(dat1_buf[4]<<8 | dat1_buf[5]),
     ~~~~~~~~~~~~~~~~~~~~~~~~~~~~~~~~~~~~~~~~~~
     (uint16_t)(dat1_buf[6]<<8 | dat1_buf[7]),
     ~~~~~~~~~~~~~~~~~~~~~~~~~~~~~~~~~~~~~~~~~~
     (uint16_t)(dat1_buf[8]<<8 | dat1_buf[9]),
     ~~~~~~~~~~~~~~~~~~~~~~~~~~~~~~~~~~~~~~~~~~
     (uint16_t)(dat1_buf[10]<<8 | dat1_buf[11]),
     ~~~~~~~~~~~~~~~~~~~~~~~~~~~~~~~~~~~~~~~~~~~~
     (uint16_t)(dat1_buf[12]<<8 | dat1_buf[13]),
     ~~~~~~~~~~~~~~~~~~~~~~~~~~~~~~~~~~~~~~~~~~~~
 
 ~ 
     (uint16_t)(dat2_buf[0]<<8 | dat2_buf[1]),
     ~~~~~~~~~~~~~~~~~~~~~~~~~~~~~~~~~~~~~~~~~~
     (uint16_t)(dat2_buf[2]<<8 | dat2_buf[3]),
     ~~~~~~~~~~~~~~~~~~~~~~~~~~~~~~~~~~~~~~~~~~
     (uint16_t)(dat2_buf[4]<<8 | dat2_buf[5]),
     ~~~~~~~~~~~~~~~~~~~~~~~~~~~~~~~~~~~~~~~~~~
     (uint16_t)(dat2_buf[6]<<8 | dat2_buf[7]),
     ~~~~~~~~~~~~~~~~~~~~~~~~~~~~~~~~~~~~~~~~~~
     (uint16_t)(dat2_buf[8]<<8 | dat2_buf[9]),
     ~~~~~~~~~~~~~~~~~~~~~~~~~~~~~~~~~~~~~~~~~~
     (uint16_t)(dat2_buf[10]<<8 | dat2_buf[11]),
     ~~~~~~~~~~~~~~~~~~~~~~~~~~~~~~~~~~~~~~~~~~~~
     (uint16_t)(dat2_buf[12]<<8 | dat2_buf[13]),
     ~~~~~~~~~~~~~~~~~~~~~~~~~~~~~~~~~~~~~~~~~~~~
 
 ~ 
     delta_t
     ~~~~~~~~
  );
  ~
../Core/Src/main.c: In function 'make_string2':
../Core/Src/main.c:228:3: warning: 'sprintf' writing a terminating nul past the end of the destination [-Wformat-overflow=]
   "%012d %012d %012d" //38
   ^~~~~~~~~~~~~~~~~~~
../Core/Src/main.c:229:7: note: format string is defined here
    "\n",    //1
       ^
../Core/Src/main.c:227:2: note: 'sprintf' output 40 bytes into a destination of size 39
  sprintf(str2,
  ^~~~~~~~~~~~~~
   "%012d %012d %012d" //38
   ~~~~~~~~~~~~~~~~~~~~~~~~~
    "\n",    //1
    ~~~~~~~~~~~~~
         //=39
         ~~~~~~
   t2-t1,
   ~~~~~~~
   t1,
   ~~~~
   t2
   ~~~
  );
  ~
arm-none-eabi-gcc -o "gyro_based_sync.elf" @"objects.list"   -mcpu=cortex-m4 -T"/home/ma/STM32CubeIDE/gyro_based_sync/gyro_based_sync/STM32F407VGTX_FLASH.ld" --specs=nosys.specs -Wl,-Map="gyro_based_sync.map" -Wl,--gc-sections -static --specs=nano.specs -mfpu=fpv4-sp-d16 -mfloat-abi=hard -mthumb -Wl,--start-group -lc -lm -Wl,--end-group
Finished building target: gyro_based_sync.elf
 
arm-none-eabi-objdump -h -S  gyro_based_sync.elf  > "gyro_based_sync.list"
arm-none-eabi-objcopy  -O binary  gyro_based_sync.elf  "gyro_based_sync.bin"
arm-none-eabi-size   gyro_based_sync.elf 
   text	   data	    bss	    dec	    hex	filename
  29852	    120	   2504	  32476	   7edc	gyro_based_sync.elf
Finished building: default.size.stdout
 
Finished building: gyro_based_sync.bin
 
Finished building: gyro_based_sync.list
 
12:41:07 **** Incremental Build of configuration Debug for project gyro_based_sync ****
make -j12 all 
arm-none-eabi-gcc "../Core/Src/main.c" -mcpu=cortex-m4 -std=gnu11 -g3 -DUSE_HAL_DRIVER -DDEBUG -DSTM32F407xx -c -I../Drivers/CMSIS/Include -I../Drivers/STM32F4xx_HAL_Driver/Inc -I../Core/Inc -I../Drivers/CMSIS/Device/ST/STM32F4xx/Include -I../Drivers/STM32F4xx_HAL_Driver/Inc/Legacy -O0 -ffunction-sections -fdata-sections -Wall -fstack-usage -MMD -MP -MF"Core/Src/main.d" -MT"Core/Src/main.o" --specs=nano.specs -mfpu=fpv4-sp-d16 -mfloat-abi=hard -mthumb -o "Core/Src/main.o"
../Core/Src/main.c: In function 'make_string':
../Core/Src/main.c:192:2: warning: implicit declaration of function 'sprintf' [-Wimplicit-function-declaration]
  sprintf(str,
  ^~~~~~~
../Core/Src/main.c:192:2: warning: incompatible implicit declaration of built-in function 'sprintf'
../Core/Src/main.c:192:2: note: include '<stdio.h>' or provide a declaration of 'sprintf'
../Core/Src/main.c:192:10: warning: pointer targets in passing argument 1 of 'sprintf' differ in signedness [-Wpointer-sign]
  sprintf(str,
          ^~~
../Core/Src/main.c:192:10: note: expected 'char *' but argument is of type 'uint8_t * {aka unsigned char *}'
../Core/Src/main.c: In function 'make_string2':
../Core/Src/main.c:227:2: warning: incompatible implicit declaration of built-in function 'sprintf'
  sprintf(str2,
  ^~~~~~~
../Core/Src/main.c:227:2: note: include '<stdio.h>' or provide a declaration of 'sprintf'
../Core/Src/main.c:227:10: warning: pointer targets in passing argument 1 of 'sprintf' differ in signedness [-Wpointer-sign]
  sprintf(str2,
          ^~~~
../Core/Src/main.c:227:10: note: expected 'char *' but argument is of type 'uint8_t * {aka unsigned char *}'
../Core/Src/main.c:228:8: warning: format '%d' expects argument of type 'int', but argument 3 has type 'uint32_t {aka long unsigned int}' [-Wformat=]
   "%012d %012d %012d" //38
    ~~~~^
    %012ld
../Core/Src/main.c:231:3:
   t2-t1,
   ~~~~~ 
../Core/Src/main.c:228:14: warning: format '%d' expects argument of type 'int', but argument 4 has type 'uint32_t {aka long unsigned int}' [-Wformat=]
   "%012d %012d %012d" //38
          ~~~~^
          %012ld
../Core/Src/main.c:228:20: warning: format '%d' expects argument of type 'int', but argument 5 has type 'uint32_t {aka long unsigned int}' [-Wformat=]
   "%012d %012d %012d" //38
                ~~~~^
                %012ld
../Core/Src/main.c: In function 'make_string':
../Core/Src/main.c:193:5: warning: 'sprintf' writing a terminating nul past the end of the destination [-Wformat-overflow=]
     "%02x %02x %04x "              //11
     ^~~~~~~~~~~~~~~~~
../Core/Src/main.c:198:8: note: format string is defined here
     "\n",                    //1
        ^
../Core/Src/main.c:192:2: note: 'sprintf' output 92 bytes into a destination of size 91
  sprintf(str,
  ^~~~~~~~~~~~~
     "%02x %02x %04x "              //11
     ~~~~~~~~~~~~~~~~~~~~~~~~~~~~~~~~~~~~
     "%04x "                   //5
     ~~~~~~~~~~~~~~~~~~~~~~~~~~~~~~
     "%04x %04x %04x %04x %04x %04x %04x "    //35
     ~~~~~~~~~~~~~~~~~~~~~~~~~~~~~~~~~~~~~~~~~~~~~~
     "%04x %04x %04x %04x %04x %04x %04x "     //35
     ~~~~~~~~~~~~~~~~~~~~~~~~~~~~~~~~~~~~~~~~~~~~~~~
     "%04x"                                      //4
     ~~~~~~~~~~~~~~~~~~~~~~~~~~~~~~~~~~~~~~~~~~~~~~~~
     "\n",                    //1
     ~~~~~~~~~~~~~~~~~~~~~~~~~~~~~
                           //=91
                           ~~~~~~
     (uint8_t)(sTime1.Minutes),
     ~~~~~~~~~~~~~~~~~~~~~~~~~~~
     (uint8_t)(sTime1.Seconds),
     ~~~~~~~~~~~~~~~~~~~~~~~~~~~
     (uint16_t)(sTime1.SubSeconds),
     ~~~~~~~~~~~~~~~~~~~~~~~~~~~~~~~
 
 ~ 
     count,
     ~~~~~~~
 
 ~ 
     (uint16_t)(dat1_buf[0]<<8 | dat1_buf[1]),
     ~~~~~~~~~~~~~~~~~~~~~~~~~~~~~~~~~~~~~~~~~~
     (uint16_t)(dat1_buf[2]<<8 | dat1_buf[3]),
     ~~~~~~~~~~~~~~~~~~~~~~~~~~~~~~~~~~~~~~~~~~
     (uint16_t)(dat1_buf[4]<<8 | dat1_buf[5]),
     ~~~~~~~~~~~~~~~~~~~~~~~~~~~~~~~~~~~~~~~~~~
     (uint16_t)(dat1_buf[6]<<8 | dat1_buf[7]),
     ~~~~~~~~~~~~~~~~~~~~~~~~~~~~~~~~~~~~~~~~~~
     (uint16_t)(dat1_buf[8]<<8 | dat1_buf[9]),
     ~~~~~~~~~~~~~~~~~~~~~~~~~~~~~~~~~~~~~~~~~~
     (uint16_t)(dat1_buf[10]<<8 | dat1_buf[11]),
     ~~~~~~~~~~~~~~~~~~~~~~~~~~~~~~~~~~~~~~~~~~~~
     (uint16_t)(dat1_buf[12]<<8 | dat1_buf[13]),
     ~~~~~~~~~~~~~~~~~~~~~~~~~~~~~~~~~~~~~~~~~~~~
 
 ~ 
     (uint16_t)(dat2_buf[0]<<8 | dat2_buf[1]),
     ~~~~~~~~~~~~~~~~~~~~~~~~~~~~~~~~~~~~~~~~~~
     (uint16_t)(dat2_buf[2]<<8 | dat2_buf[3]),
     ~~~~~~~~~~~~~~~~~~~~~~~~~~~~~~~~~~~~~~~~~~
     (uint16_t)(dat2_buf[4]<<8 | dat2_buf[5]),
     ~~~~~~~~~~~~~~~~~~~~~~~~~~~~~~~~~~~~~~~~~~
     (uint16_t)(dat2_buf[6]<<8 | dat2_buf[7]),
     ~~~~~~~~~~~~~~~~~~~~~~~~~~~~~~~~~~~~~~~~~~
     (uint16_t)(dat2_buf[8]<<8 | dat2_buf[9]),
     ~~~~~~~~~~~~~~~~~~~~~~~~~~~~~~~~~~~~~~~~~~
     (uint16_t)(dat2_buf[10]<<8 | dat2_buf[11]),
     ~~~~~~~~~~~~~~~~~~~~~~~~~~~~~~~~~~~~~~~~~~~~
     (uint16_t)(dat2_buf[12]<<8 | dat2_buf[13]),
     ~~~~~~~~~~~~~~~~~~~~~~~~~~~~~~~~~~~~~~~~~~~~
 
 ~ 
     delta_t
     ~~~~~~~~
  );
  ~
../Core/Src/main.c: In function 'make_string2':
../Core/Src/main.c:228:3: warning: 'sprintf' writing a terminating nul past the end of the destination [-Wformat-overflow=]
   "%012d %012d %012d" //38
   ^~~~~~~~~~~~~~~~~~~
../Core/Src/main.c:229:7: note: format string is defined here
    "\n",    //1
       ^
../Core/Src/main.c:227:2: note: 'sprintf' output 40 bytes into a destination of size 39
  sprintf(str2,
  ^~~~~~~~~~~~~~
   "%012d %012d %012d" //38
   ~~~~~~~~~~~~~~~~~~~~~~~~~
    "\n",    //1
    ~~~~~~~~~~~~~
         //=39
         ~~~~~~
   t2-t1,
   ~~~~~~~
   t1,
   ~~~~
   t2
   ~~~
  );
  ~
arm-none-eabi-gcc -o "gyro_based_sync.elf" @"objects.list"   -mcpu=cortex-m4 -T"/home/ma/STM32CubeIDE/gyro_based_sync/gyro_based_sync/STM32F407VGTX_FLASH.ld" --specs=nosys.specs -Wl,-Map="gyro_based_sync.map" -Wl,--gc-sections -static --specs=nano.specs -mfpu=fpv4-sp-d16 -mfloat-abi=hard -mthumb -Wl,--start-group -lc -lm -Wl,--end-group
Finished building target: gyro_based_sync.elf
 
arm-none-eabi-objdump -h -S  gyro_based_sync.elf  > "gyro_based_sync.list"
arm-none-eabi-objcopy  -O binary  gyro_based_sync.elf  "gyro_based_sync.bin"
arm-none-eabi-size   gyro_based_sync.elf 
   text	   data	    bss	    dec	    hex	filename
  29852	    120	   2504	  32476	   7edc	gyro_based_sync.elf
Finished building: default.size.stdout
 
Finished building: gyro_based_sync.bin
 
Finished building: gyro_based_sync.list
 
